../Core/Src/main.c:97:6:Serial_Message	16	static
../Core/Src/main.c:102:6:Print_Int	40	static
../Core/Src/main.c:111:6:HAL_GPIO_EXTI_Callback	24	static
../Core/Src/main.c:124:6:Touchscreen_Calibration	24	static
../Core/Src/main.c:173:13:TouchscreenCalibration_SetHint	8	static
../Core/Src/main.c:196:13:GetPhysValues	24	static
../Core/Src/main.c:222:13:WaitForPressedState	32	static
../Core/Src/main.c:253:10:Calibration_GetX	16	static
../Core/Src/main.c:263:10:Calibration_GetY	16	static
../Core/Src/main.c:273:9:IsCalibrationDone	4	static
../Core/Src/main.c:284:5:main	40	static
../Core/Src/main.c:423:6:SystemClock_Config	88	static
../Core/Src/main.c:476:6:HAL_TIM_PeriodElapsedCallback	16	static
../Core/Src/main.c:493:6:Error_Handler	8	static
