../Core/Src/main.c:96:6:Serial_Message	16	static
../Core/Src/main.c:101:6:Print_Int	40	static
../Core/Src/main.c:110:6:HAL_GPIO_EXTI_Callback	24	static
../Core/Src/main.c:123:6:Touchscreen_Calibration	24	static
../Core/Src/main.c:172:13:TouchscreenCalibration_SetHint	8	static
../Core/Src/main.c:195:13:GetPhysValues	24	static
../Core/Src/main.c:221:13:WaitForPressedState	32	static
../Core/Src/main.c:252:10:Calibration_GetX	16	static
../Core/Src/main.c:262:10:Calibration_GetY	16	static
../Core/Src/main.c:272:9:IsCalibrationDone	4	static
../Core/Src/main.c:283:5:main	24	static
../Core/Src/main.c:408:6:SystemClock_Config	88	static
../Core/Src/main.c:461:6:HAL_TIM_PeriodElapsedCallback	16	static
../Core/Src/main.c:478:6:Error_Handler	8	static
