Archive member included to satisfy reference by file (symbol)

c:/st/stm32cubeide_1.9.0/stm32cubeide/plugins/com.st.stm32cube.ide.mcu.externaltools.gnu-tools-for-stm32.10.3-2021.10.win32_1.0.0.202111181127/tools/bin/../lib/gcc/arm-none-eabi/10.3.1/../../../../arm-none-eabi/lib/thumb/v7e-m+fp/hard\libc_nano.a(lib_a-errno.o)
                              ./Core/Src/syscalls.o (__errno)
c:/st/stm32cubeide_1.9.0/stm32cubeide/plugins/com.st.stm32cube.ide.mcu.externaltools.gnu-tools-for-stm32.10.3-2021.10.win32_1.0.0.202111181127/tools/bin/../lib/gcc/arm-none-eabi/10.3.1/../../../../arm-none-eabi/lib/thumb/v7e-m+fp/hard\libc_nano.a(lib_a-exit.o)
                              c:/st/stm32cubeide_1.9.0/stm32cubeide/plugins/com.st.stm32cube.ide.mcu.externaltools.gnu-tools-for-stm32.10.3-2021.10.win32_1.0.0.202111181127/tools/bin/../lib/gcc/arm-none-eabi/10.3.1/../../../../arm-none-eabi/lib/thumb/v7e-m+fp/hard/crt0.o (exit)
c:/st/stm32cubeide_1.9.0/stm32cubeide/plugins/com.st.stm32cube.ide.mcu.externaltools.gnu-tools-for-stm32.10.3-2021.10.win32_1.0.0.202111181127/tools/bin/../lib/gcc/arm-none-eabi/10.3.1/../../../../arm-none-eabi/lib/thumb/v7e-m+fp/hard\libc_nano.a(lib_a-impure.o)
                              c:/st/stm32cubeide_1.9.0/stm32cubeide/plugins/com.st.stm32cube.ide.mcu.externaltools.gnu-tools-for-stm32.10.3-2021.10.win32_1.0.0.202111181127/tools/bin/../lib/gcc/arm-none-eabi/10.3.1/../../../../arm-none-eabi/lib/thumb/v7e-m+fp/hard\libc_nano.a(lib_a-exit.o) (_global_impure_ptr)
c:/st/stm32cubeide_1.9.0/stm32cubeide/plugins/com.st.stm32cube.ide.mcu.externaltools.gnu-tools-for-stm32.10.3-2021.10.win32_1.0.0.202111181127/tools/bin/../lib/gcc/arm-none-eabi/10.3.1/../../../../arm-none-eabi/lib/thumb/v7e-m+fp/hard\libc_nano.a(lib_a-init.o)
                              c:/st/stm32cubeide_1.9.0/stm32cubeide/plugins/com.st.stm32cube.ide.mcu.externaltools.gnu-tools-for-stm32.10.3-2021.10.win32_1.0.0.202111181127/tools/bin/../lib/gcc/arm-none-eabi/10.3.1/../../../../arm-none-eabi/lib/thumb/v7e-m+fp/hard/crt0.o (__libc_init_array)
c:/st/stm32cubeide_1.9.0/stm32cubeide/plugins/com.st.stm32cube.ide.mcu.externaltools.gnu-tools-for-stm32.10.3-2021.10.win32_1.0.0.202111181127/tools/bin/../lib/gcc/arm-none-eabi/10.3.1/../../../../arm-none-eabi/lib/thumb/v7e-m+fp/hard\libc_nano.a(lib_a-memset.o)
                              c:/st/stm32cubeide_1.9.0/stm32cubeide/plugins/com.st.stm32cube.ide.mcu.externaltools.gnu-tools-for-stm32.10.3-2021.10.win32_1.0.0.202111181127/tools/bin/../lib/gcc/arm-none-eabi/10.3.1/../../../../arm-none-eabi/lib/thumb/v7e-m+fp/hard/crt0.o (memset)
c:/st/stm32cubeide_1.9.0/stm32cubeide/plugins/com.st.stm32cube.ide.mcu.externaltools.gnu-tools-for-stm32.10.3-2021.10.win32_1.0.0.202111181127/tools/bin/../lib/gcc/arm-none-eabi/10.3.1/../../../../arm-none-eabi/lib/thumb/v7e-m+fp/hard\libc_nano.a(lib_a-sprintf.o)
                              ./Core/Src/main.o (sprintf)
c:/st/stm32cubeide_1.9.0/stm32cubeide/plugins/com.st.stm32cube.ide.mcu.externaltools.gnu-tools-for-stm32.10.3-2021.10.win32_1.0.0.202111181127/tools/bin/../lib/gcc/arm-none-eabi/10.3.1/../../../../arm-none-eabi/lib/thumb/v7e-m+fp/hard\libc_nano.a(lib_a-strlen.o)
                              ./Core/Src/main.o (strlen)
c:/st/stm32cubeide_1.9.0/stm32cubeide/plugins/com.st.stm32cube.ide.mcu.externaltools.gnu-tools-for-stm32.10.3-2021.10.win32_1.0.0.202111181127/tools/bin/../lib/gcc/arm-none-eabi/10.3.1/../../../../arm-none-eabi/lib/thumb/v7e-m+fp/hard\libc_nano.a(lib_a-nano-svfprintf.o)
                              c:/st/stm32cubeide_1.9.0/stm32cubeide/plugins/com.st.stm32cube.ide.mcu.externaltools.gnu-tools-for-stm32.10.3-2021.10.win32_1.0.0.202111181127/tools/bin/../lib/gcc/arm-none-eabi/10.3.1/../../../../arm-none-eabi/lib/thumb/v7e-m+fp/hard\libc_nano.a(lib_a-sprintf.o) (_svfprintf_r)
c:/st/stm32cubeide_1.9.0/stm32cubeide/plugins/com.st.stm32cube.ide.mcu.externaltools.gnu-tools-for-stm32.10.3-2021.10.win32_1.0.0.202111181127/tools/bin/../lib/gcc/arm-none-eabi/10.3.1/../../../../arm-none-eabi/lib/thumb/v7e-m+fp/hard\libc_nano.a(lib_a-nano-vfprintf_i.o)
                              c:/st/stm32cubeide_1.9.0/stm32cubeide/plugins/com.st.stm32cube.ide.mcu.externaltools.gnu-tools-for-stm32.10.3-2021.10.win32_1.0.0.202111181127/tools/bin/../lib/gcc/arm-none-eabi/10.3.1/../../../../arm-none-eabi/lib/thumb/v7e-m+fp/hard\libc_nano.a(lib_a-nano-svfprintf.o) (_printf_i)
c:/st/stm32cubeide_1.9.0/stm32cubeide/plugins/com.st.stm32cube.ide.mcu.externaltools.gnu-tools-for-stm32.10.3-2021.10.win32_1.0.0.202111181127/tools/bin/../lib/gcc/arm-none-eabi/10.3.1/../../../../arm-none-eabi/lib/thumb/v7e-m+fp/hard\libc_nano.a(lib_a-memchr.o)
                              c:/st/stm32cubeide_1.9.0/stm32cubeide/plugins/com.st.stm32cube.ide.mcu.externaltools.gnu-tools-for-stm32.10.3-2021.10.win32_1.0.0.202111181127/tools/bin/../lib/gcc/arm-none-eabi/10.3.1/../../../../arm-none-eabi/lib/thumb/v7e-m+fp/hard\libc_nano.a(lib_a-nano-svfprintf.o) (memchr)
[...]
Memory Configuration

Name             Origin             Length             Attributes
CCMRAM           0x0000000010000000 0x0000000000010000 xrw
RAM              0x0000000020000000 0x0000000000030000 xrw
FLASH            0x0000000008000000 0x0000000000200000 xr
*default*        0x0000000000000000 0xffffffffffffffff

Linker script and memory map

LOAD c:/st/stm32cubeide_1.9.0/stm32cubeide/plugins/com.st.stm32cube.ide.mcu.externaltools.gnu-tools-for-stm32.10.3-2021.10.win32_1.0.0.202111181127/tools/bin/../lib/gcc/arm-none-eabi/10.3.1/thumb/v7e-m+fp/hard/crti.o
LOAD c:/st/stm32cubeide_1.9.0/stm32cubeide/plugins/com.st.stm32cube.ide.mcu.externaltools.gnu-tools-for-stm32.10.3-2021.10.win32_1.0.0.202111181127/tools/bin/../lib/gcc/arm-none-eabi/10.3.1/thumb/v7e-m+fp/hard/crtbegin.o
LOAD c:/st/stm32cubeide_1.9.0/stm32cubeide/plugins/com.st.stm32cube.ide.mcu.externaltools.gnu-tools-for-stm32.10.3-2021.10.win32_1.0.0.202111181127/tools/bin/../lib/gcc/arm-none-eabi/10.3.1/../../../../arm-none-eabi/lib/thumb/v7e-m+fp/hard/crt0.o
LOAD ./Core/Src/crc.o
LOAD ./Core/Src/dma2d.o
LOAD ./Core/Src/eeprom.o
LOAD ./Core/Src/fmc.o
LOAD ./Core/Src/gpio.o
LOAD ./Core/Src/i2c.o
LOAD ./Core/Src/ltdc.o
LOAD ./Core/Src/main.o
LOAD ./Core/Src/settings.o
LOAD ./Core/Src/spi.o
LOAD ./Core/Src/stm32f4xx_hal_msp.o
LOAD ./Core/Src/stm32f4xx_hal_timebase_tim.o
LOAD ./Core/Src/stm32f4xx_it.o
LOAD ./Core/Src/syscalls.o
LOAD ./Core/Src/sysmem.o
LOAD ./Core/Src/system_stm32f4xx.o
LOAD ./Core/Src/tim.o
LOAD ./Core/Src/usart.o
LOAD ./Core/Src/usb_otg.o
LOAD ./Core/Startup/startup_stm32f429zitx.o
LOAD ./Drivers/BSP/Components/i3g4250d/i3g4250d.o
LOAD ./Drivers/BSP/Components/ili9341/ili9341.o
LOAD ./Drivers/BSP/Components/l3gd20/l3gd20.o
LOAD ./Drivers/BSP/Components/stmpe811/stmpe811.o
LOAD ./Drivers/BSP/STM32F429I-Discovery/stm32f429i_discovery.o
LOAD ./Drivers/BSP/STM32F429I-Discovery/stm32f429i_discovery_eeprom.o
LOAD ./Drivers/BSP/STM32F429I-Discovery/stm32f429i_discovery_gyroscope.o
LOAD ./Drivers/BSP/STM32F429I-Discovery/stm32f429i_discovery_io.o
LOAD ./Drivers/BSP/STM32F429I-Discovery/stm32f429i_discovery_lcd.o
LOAD ./Drivers/BSP/STM32F429I-Discovery/stm32f429i_discovery_sdram.o
LOAD ./Drivers/BSP/STM32F429I-Discovery/stm32f429i_discovery_ts.o
LOAD ./Drivers/STM32F4xx_HAL_Driver/stm32f4xx_hal.o
LOAD ./Drivers/STM32F4xx_HAL_Driver/stm32f4xx_hal_cortex.o
LOAD ./Drivers/STM32F4xx_HAL_Driver/stm32f4xx_hal_crc.o
LOAD ./Drivers/STM32F4xx_HAL_Driver/stm32f4xx_hal_dma.o
LOAD ./Drivers/STM32F4xx_HAL_Driver/stm32f4xx_hal_dma2d.o
LOAD ./Drivers/STM32F4xx_HAL_Driver/stm32f4xx_hal_dma_ex.o
LOAD ./Drivers/STM32F4xx_HAL_Driver/stm32f4xx_hal_dsi.o
LOAD ./Drivers/STM32F4xx_HAL_Driver/stm32f4xx_hal_exti.o
LOAD ./Drivers/STM32F4xx_HAL_Driver/stm32f4xx_hal_flash.o
LOAD ./Drivers/STM32F4xx_HAL_Driver/stm32f4xx_hal_flash_ex.o
LOAD ./Drivers/STM32F4xx_HAL_Driver/stm32f4xx_hal_flash_ramfunc.o
LOAD ./Drivers/STM32F4xx_HAL_Driver/stm32f4xx_hal_gpio.o
LOAD ./Drivers/STM32F4xx_HAL_Driver/stm32f4xx_hal_hcd.o
LOAD ./Drivers/STM32F4xx_HAL_Driver/stm32f4xx_hal_i2c.o
LOAD ./Drivers/STM32F4xx_HAL_Driver/stm32f4xx_hal_i2c_ex.o
LOAD ./Drivers/STM32F4xx_HAL_Driver/stm32f4xx_hal_ltdc.o
LOAD ./Drivers/STM32F4xx_HAL_Driver/stm32f4xx_hal_ltdc_ex.o
LOAD ./Drivers/STM32F4xx_HAL_Driver/stm32f4xx_hal_pwr.o
LOAD ./Drivers/STM32F4xx_HAL_Driver/stm32f4xx_hal_pwr_ex.o
LOAD ./Drivers/STM32F4xx_HAL_Driver/stm32f4xx_hal_rcc.o
LOAD ./Drivers/STM32F4xx_HAL_Driver/stm32f4xx_hal_rcc_ex.o
LOAD ./Drivers/STM32F4xx_HAL_Driver/stm32f4xx_hal_sdram.o
LOAD ./Drivers/STM32F4xx_HAL_Driver/stm32f4xx_hal_spi.o
LOAD ./Drivers/STM32F4xx_HAL_Driver/stm32f4xx_hal_tim.o
LOAD ./Drivers/STM32F4xx_HAL_Driver/stm32f4xx_hal_tim_ex.o
LOAD ./Drivers/STM32F4xx_HAL_Driver/stm32f4xx_hal_uart.o
LOAD ./Drivers/STM32F4xx_HAL_Driver/stm32f4xx_ll_fmc.o
LOAD ./Drivers/STM32F4xx_HAL_Driver/stm32f4xx_ll_usb.o
START GROUP
LOAD c:/st/stm32cubeide_1.9.0/stm32cubeide/plugins/com.st.stm32cube.ide.mcu.externaltools.gnu-tools-for-stm32.10.3-2021.10.win32_1.0.0.202111181127/tools/bin/../lib/gcc/arm-none-eabi/10.3.1/../../../../arm-none-eabi/lib/thumb/v7e-m+fp/hard\libc_nano.a
LOAD c:/st/stm32cubeide_1.9.0/stm32cubeide/plugins/com.st.stm32cube.ide.mcu.externaltools.gnu-tools-for-stm32.10.3-2021.10.win32_1.0.0.202111181127/tools/bin/../lib/gcc/arm-none-eabi/10.3.1/../../../../arm-none-eabi/lib/thumb/v7e-m+fp/hard\libm.a
END GROUP
START GROUP
LOAD c:/st/stm32cubeide_1.9.0/stm32cubeide/plugins/com.st.stm32cube.ide.mcu.externaltools.gnu-tools-for-stm32.10.3-2021.10.win32_1.0.0.202111181127/tools/bin/../lib/gcc/arm-none-eabi/10.3.1/thumb/v7e-m+fp/hard\libgcc.a
LOAD c:/st/stm32cubeide_1.9.0/stm32cubeide/plugins/com.st.stm32cube.ide.mcu.externaltools.gnu-tools-for-stm32.10.3-2021.10.win32_1.0.0.202111181127/tools/bin/../lib/gcc/arm-none-eabi/10.3.1/../../../../arm-none-eabi/lib/thumb/v7e-m+fp/hard\libc_nano.a
END GROUP
START GROUP
LOAD c:/st/stm32cubeide_1.9.0/stm32cubeide/plugins/com.st.stm32cube.ide.mcu.externaltools.gnu-tools-for-stm32.10.3-2021.10.win32_1.0.0.202111181127/tools/bin/../lib/gcc/arm-none-eabi/10.3.1/thumb/v7e-m+fp/hard\libgcc.a
LOAD c:/st/stm32cubeide_1.9.0/stm32cubeide/plugins/com.st.stm32cube.ide.mcu.externaltools.gnu-tools-for-stm32.10.3-2021.10.win32_1.0.0.202111181127/tools/bin/../lib/gcc/arm-none-eabi/10.3.1/../../../../arm-none-eabi/lib/thumb/v7e-m+fp/hard\libc_nano.a
LOAD c:/st/stm32cubeide_1.9.0/stm32cubeide/plugins/com.st.stm32cube.ide.mcu.externaltools.gnu-tools-for-stm32.10.3-2021.10.win32_1.0.0.202111181127/tools/bin/../lib/gcc/arm-none-eabi/10.3.1/../../../../arm-none-eabi/lib/thumb/v7e-m+fp/hard\libnosys.a
END GROUP
START GROUP
LOAD c:/st/stm32cubeide_1.9.0/stm32cubeide/plugins/com.st.stm32cube.ide.mcu.externaltools.gnu-tools-for-stm32.10.3-2021.10.win32_1.0.0.202111181127/tools/bin/../lib/gcc/arm-none-eabi/10.3.1/thumb/v7e-m+fp/hard\libgcc.a
LOAD c:/st/stm32cubeide_1.9.0/stm32cubeide/plugins/com.st.stm32cube.ide.mcu.externaltools.gnu-tools-for-stm32.10.3-2021.10.win32_1.0.0.202111181127/tools/bin/../lib/gcc/arm-none-eabi/10.3.1/../../../../arm-none-eabi/lib/thumb/v7e-m+fp/hard\libc_nano.a
LOAD c:/st/stm32cubeide_1.9.0/stm32cubeide/plugins/com.st.stm32cube.ide.mcu.externaltools.gnu-tools-for-stm32.10.3-2021.10.win32_1.0.0.202111181127/tools/bin/../lib/gcc/arm-none-eabi/10.3.1/../../../../arm-none-eabi/lib/thumb/v7e-m+fp/hard\libnosys.a
END GROUP
LOAD c:/st/stm32cubeide_1.9.0/stm32cubeide/plugins/com.st.stm32cube.ide.mcu.externaltools.gnu-tools-for-stm32.10.3-2021.10.win32_1.0.0.202111181127/tools/bin/../lib/gcc/arm-none-eabi/10.3.1/thumb/v7e-m+fp/hard/crtend.o
LOAD c:/st/stm32cubeide_1.9.0/stm32cubeide/plugins/com.st.stm32cube.ide.mcu.externaltools.gnu-tools-for-stm32.10.3-2021.10.win32_1.0.0.202111181127/tools/bin/../lib/gcc/arm-none-eabi/10.3.1/thumb/v7e-m+fp/hard/crtn.o
                0x0000000020030000                _estack = (ORIGIN (RAM) + LENGTH (RAM))
                0x0000000000000200                _Min_Heap_Size = 0x200
                0x0000000000000400                _Min_Stack_Size = 0x400

.isr_vector     0x0000000008000000      0x1ac
                0x0000000008000000                . = ALIGN (0x4)
 *(.isr_vector)
 .isr_vector    0x0000000008000000      0x1ac ./Core/Startup/startup_stm32f429zitx.o
                0x0000000008000000                g_pfnVectors
                0x00000000080001ac                . = ALIGN (0x4)

.text           0x00000000080001b0     0xc13c
                0x00000000080001b0                . = ALIGN (0x4)
 *(.text)
 .text          0x00000000080001b0       0x40 c:/st/stm32cubeide_1.9.0/stm32cubeide/plugins/com.st.stm32cube.ide.mcu.externaltools.gnu-tools-for-stm32.10.3-2021.10.win32_1.0.0.202111181127/tools/bin/../lib/gcc/arm-none-eabi/10.3.1/thumb/v7e-m+fp/hard/crtbegin.o
 .text          0x00000000080001f0       0x10 c:/st/stm32cubeide_1.9.0/stm32cubeide/plugins/com.st.stm32cube.ide.mcu.externaltools.gnu-tools-for-stm32.10.3-2021.10.win32_1.0.0.202111181127/tools/bin/../lib/gcc/arm-none-eabi/10.3.1/../../../../arm-none-eabi/lib/thumb/v7e-m+fp/hard\libc_nano.a(lib_a-strlen.o)
                0x00000000080001f0                strlen
 .text          0x0000000008000200       0xa0 c:/st/stm32cubeide_1.9.0/stm32cubeide/plugins/com.st.stm32cube.ide.mcu.externaltools.gnu-tools-for-stm32.10.3-2021.10.win32_1.0.0.202111181127/tools/bin/../lib/gcc/arm-none-eabi/10.3.1/../../../../arm-none-eabi/lib/thumb/v7e-m+fp/hard\libc_nano.a(lib_a-memchr.o)
                0x0000000008000200                memchr
 .text          0x00000000080002a0       0x30 c:/st/stm32cubeide_1.9.0/stm32cubeide/plugins/com.st.stm32cube.ide.mcu.externaltools.gnu-tools-for-stm32.10.3-2021.10.win32_1.0.0.202111181127/tools/bin/../lib/gcc/arm-none-eabi/10.3.1/thumb/v7e-m+fp/hard\libgcc.a(_aeabi_uldivmod.o)
                0x00000000080002a0                __aeabi_uldivmod
 .text          0x00000000080002d0      0x2d0 c:/st/stm32cubeide_1.9.0/stm32cubeide/plugins/com.st.stm32cube.ide.mcu.externaltools.gnu-tools-for-stm32.10.3-2021.10.win32_1.0.0.202111181127/tools/bin/../lib/gcc/arm-none-eabi/10.3.1/thumb/v7e-m+fp/hard\libgcc.a(_udivmoddi4.o)
                0x00000000080002d0                __udivmoddi4
 .text          0x00000000080005a0        0x4 c:/st/stm32cubeide_1.9.0/stm32cubeide/plugins/com.st.stm32cube.ide.mcu.externaltools.gnu-tools-for-stm32.10.3-2021.10.win32_1.0.0.202111181127/tools/bin/../lib/gcc/arm-none-eabi/10.3.1/thumb/v7e-m+fp/hard\libgcc.a(_dvmd_tls.o)
                0x00000000080005a0                __aeabi_idiv0
                0x00000000080005a0                __aeabi_ldiv0
 *(.text*)
 .text.MX_CRC_Init
                0x00000000080005a4       0x28 ./Core/Src/crc.o
                0x00000000080005a4                MX_CRC_Init
 .text.HAL_CRC_MspInit
                0x00000000080005cc       0x44 ./Core/Src/crc.o
                0x00000000080005cc                HAL_CRC_MspInit
 .text.MX_DMA2D_Init
                0x0000000008000610       0x64 ./Core/Src/dma2d.o
                0x0000000008000610                MX_DMA2D_Init
 .text.HAL_DMA2D_MspInit
                0x0000000008000674       0x44 ./Core/Src/dma2d.o
                0x0000000008000674                HAL_DMA2D_MspInit
 .text.EE_Init  0x00000000080006b8      0x3c0 ./Core/Src/eeprom.o
                0x00000000080006b8                EE_Init
 .text.EE_VerifyPageFullyErased
                0x0000000008000a78       0x4c ./Core/Src/eeprom.o
 .text.EE_ReadVariable
                0x0000000008000ac4       0x94 ./Core/Src/eeprom.o
                0x0000000008000ac4                EE_ReadVariable
 .text.EE_WriteVariable
                0x0000000008000b58       0x44 ./Core/Src/eeprom.o
                0x0000000008000b58                EE_WriteVariable
 .text.EE_Format
                0x0000000008000b9c       0xa4 ./Core/Src/eeprom.o
 .text.EE_FindValidPage
                0x0000000008000c40       0x8c ./Core/Src/eeprom.o
 .text.EE_VerifyPageFullWriteVariable
                0x0000000008000ccc       0xc4 ./Core/Src/eeprom.o
 .text.EE_PageTransfer
                0x0000000008000d90      0x178 ./Core/Src/eeprom.o
 .text.MX_FMC_Init
                0x0000000008000f08       0xa0 ./Core/Src/fmc.o
                0x0000000008000f08                MX_FMC_Init
 .text.HAL_FMC_MspInit
                0x0000000008000fa8      0x124 ./Core/Src/fmc.o
 .text.HAL_SDRAM_MspInit
                0x00000000080010cc       0x14 ./Core/Src/fmc.o
                0x00000000080010cc                HAL_SDRAM_MspInit
 .text.MX_GPIO_Init
                0x00000000080010e0      0x248 ./Core/Src/gpio.o
                0x00000000080010e0                MX_GPIO_Init
 .text.MX_I2C3_Init
                0x0000000008001328       0x80 ./Core/Src/i2c.o
                0x0000000008001328                MX_I2C3_Init
 .text.HAL_I2C_MspInit
                0x00000000080013a8       0xd4 ./Core/Src/i2c.o
                0x00000000080013a8                HAL_I2C_MspInit
 .text.HAL_I2C_MspDeInit
                0x000000000800147c       0x4c ./Core/Src/i2c.o
                0x000000000800147c                HAL_I2C_MspDeInit
 .text.MX_LTDC_Init
                0x00000000080014c8      0x160 ./Core/Src/ltdc.o
                0x00000000080014c8                MX_LTDC_Init
 .text.HAL_LTDC_MspInit
                0x0000000008001628      0x250 ./Core/Src/ltdc.o
                0x0000000008001628                HAL_LTDC_MspInit
 .text.Serial_Message
                0x0000000008001878       0x38 ./Core/Src/main.o
                0x0000000008001878                Serial_Message
 .text.Print_Int
                0x00000000080018b0       0x50 ./Core/Src/main.o
                0x00000000080018b0                Print_Int
 .text.HAL_GPIO_EXTI_Callback
                0x0000000008001900       0x3c ./Core/Src/main.o
                0x0000000008001900                HAL_GPIO_EXTI_Callback
 .text.WaitForPressedState
                0x000000000800193c       0x64 ./Core/Src/main.o
 .text.main     0x00000000080019a0      0x1d8 ./Core/Src/main.o
                0x00000000080019a0                main
 .text.SystemClock_Config
                0x0000000008001b78       0xd8 ./Core/Src/main.o
                0x0000000008001b78                SystemClock_Config
 .text.HAL_TIM_PeriodElapsedCallback
                0x0000000008001c50       0x24 ./Core/Src/main.o
                0x0000000008001c50                HAL_TIM_PeriodElapsedCallback
 .text.Error_Handler
                0x0000000008001c74       0x1c ./Core/Src/main.o
                0x0000000008001c74                Error_Handler
 .text.MX_SPI5_Init
                0x0000000008001c90       0x6c ./Core/Src/spi.o
                0x0000000008001c90                MX_SPI5_Init
 .text.HAL_SPI_MspInit
                0x0000000008001cfc       0x90 ./Core/Src/spi.o
                0x0000000008001cfc                HAL_SPI_MspInit
 .text.HAL_SPI_MspDeInit
                0x0000000008001d8c       0x3c ./Core/Src/spi.o
                0x0000000008001d8c                HAL_SPI_MspDeInit
 .text.HAL_MspInit
                0x0000000008001dc8       0x50 ./Core/Src/stm32f4xx_hal_msp.o
                0x0000000008001dc8                HAL_MspInit
 .text.HAL_InitTick
                0x0000000008001e18       0xb4 ./Core/Src/stm32f4xx_hal_timebase_tim.o
                0x0000000008001e18                HAL_InitTick
 .text.NMI_Handler
                0x0000000008001ecc        0x6 ./Core/Src/stm32f4xx_it.o
                0x0000000008001ecc                NMI_Handler
 .text.HardFault_Handler
                0x0000000008001ed2        0x6 ./Core/Src/stm32f4xx_it.o
                0x0000000008001ed2                HardFault_Handler
 .text.MemManage_Handler
                0x0000000008001ed8        0x6 ./Core/Src/stm32f4xx_it.o
                0x0000000008001ed8                MemManage_Handler
 .text.BusFault_Handler
                0x0000000008001ede        0x6 ./Core/Src/stm32f4xx_it.o
                0x0000000008001ede                BusFault_Handler
 .text.UsageFault_Handler
                0x0000000008001ee4        0x6 ./Core/Src/stm32f4xx_it.o
                0x0000000008001ee4                UsageFault_Handler
 .text.SVC_Handler
                0x0000000008001eea        0xe ./Core/Src/stm32f4xx_it.o
                0x0000000008001eea                SVC_Handler
 .text.DebugMon_Handler
                0x0000000008001ef8        0xe ./Core/Src/stm32f4xx_it.o
                0x0000000008001ef8                DebugMon_Handler
 .text.PendSV_Handler
                0x0000000008001f06        0xe ./Core/Src/stm32f4xx_it.o
                0x0000000008001f06                PendSV_Handler
 .text.SysTick_Handler
                0x0000000008001f14        0xe ./Core/Src/stm32f4xx_it.o
                0x0000000008001f14                SysTick_Handler
 .text.EXTI0_IRQHandler
                0x0000000008001f22        0xe ./Core/Src/stm32f4xx_it.o
                0x0000000008001f22                EXTI0_IRQHandler
 .text.TIM6_DAC_IRQHandler
                0x0000000008001f30       0x14 ./Core/Src/stm32f4xx_it.o
                0x0000000008001f30                TIM6_DAC_IRQHandler
 .text.OTG_HS_IRQHandler
                0x0000000008001f44       0x14 ./Core/Src/stm32f4xx_it.o
                0x0000000008001f44                OTG_HS_IRQHandler
 .text._sbrk    0x0000000008001f58       0x6c ./Core/Src/sysmem.o
                0x0000000008001f58                _sbrk
 .text.SystemInit
                0x0000000008001fc4       0x24 ./Core/Src/system_stm32f4xx.o
                0x0000000008001fc4                SystemInit
 .text.MX_TIM1_Init
                0x0000000008001fe8       0xa0 ./Core/Src/tim.o
                0x0000000008001fe8                MX_TIM1_Init
 .text.MX_TIM7_Init
                0x0000000008002088       0x6c ./Core/Src/tim.o
                0x0000000008002088                MX_TIM7_Init
 .text.HAL_TIM_Base_MspInit
                0x00000000080020f4       0x70 ./Core/Src/tim.o
                0x00000000080020f4                HAL_TIM_Base_MspInit
 .text.MX_UART5_Init
                0x0000000008002164       0x54 ./Core/Src/usart.o
                0x0000000008002164                MX_UART5_Init
 .text.MX_USART1_UART_Init
                0x00000000080021b8       0x54 ./Core/Src/usart.o
                0x00000000080021b8                MX_USART1_UART_Init
 .text.HAL_UART_MspInit
                0x000000000800220c      0x140 ./Core/Src/usart.o
                0x000000000800220c                HAL_UART_MspInit
 .text.MX_USB_OTG_HS_HCD_Init
                0x000000000800234c       0x58 ./Core/Src/usb_otg.o
                0x000000000800234c                MX_USB_OTG_HS_HCD_Init
 .text.HAL_HCD_MspInit
                0x00000000080023a4       0xbc ./Core/Src/usb_otg.o
                0x00000000080023a4                HAL_HCD_MspInit
 .text.Reset_Handler
                0x0000000008002460       0x50 ./Core/Startup/startup_stm32f429zitx.o
                0x0000000008002460                Reset_Handler
 .text.Default_Handler
                0x00000000080024b0        0x2 ./Core/Startup/startup_stm32f429zitx.o
                0x00000000080024b0                RTC_Alarm_IRQHandler
                0x00000000080024b0                HASH_RNG_IRQHandler
                0x00000000080024b0                EXTI2_IRQHandler
                0x00000000080024b0                TIM8_CC_IRQHandler
                0x00000000080024b0                UART8_IRQHandler
                0x00000000080024b0                SPI4_IRQHandler
                0x00000000080024b0                TIM1_CC_IRQHandler
                0x00000000080024b0                DMA2_Stream5_IRQHandler
                0x00000000080024b0                DMA1_Stream5_IRQHandler
                0x00000000080024b0                PVD_IRQHandler
                0x00000000080024b0                SDIO_IRQHandler
                0x00000000080024b0                TAMP_STAMP_IRQHandler
                0x00000000080024b0                CAN2_RX1_IRQHandler
                0x00000000080024b0                EXTI3_IRQHandler
                0x00000000080024b0                TIM8_TRG_COM_TIM14_IRQHandler
                0x00000000080024b0                TIM1_UP_TIM10_IRQHandler
                0x00000000080024b0                TIM8_UP_TIM13_IRQHandler
                0x00000000080024b0                I2C3_ER_IRQHandler
                0x00000000080024b0                I2C2_EV_IRQHandler
                0x00000000080024b0                DMA1_Stream2_IRQHandler
                0x00000000080024b0                CAN1_RX0_IRQHandler
                0x00000000080024b0                FPU_IRQHandler
                0x00000000080024b0                OTG_HS_WKUP_IRQHandler
                0x00000000080024b0                LTDC_ER_IRQHandler
                0x00000000080024b0                CAN2_SCE_IRQHandler
                0x00000000080024b0                DMA2_Stream2_IRQHandler
                0x00000000080024b0                SPI1_IRQHandler
                0x00000000080024b0                TIM1_BRK_TIM9_IRQHandler
                0x00000000080024b0                DCMI_IRQHandler
                0x00000000080024b0                CAN2_RX0_IRQHandler
                0x00000000080024b0                DMA2_Stream3_IRQHandler
                0x00000000080024b0                USART6_IRQHandler
                0x00000000080024b0                USART3_IRQHandler
                0x00000000080024b0                CAN1_RX1_IRQHandler
                0x00000000080024b0                UART5_IRQHandler
                0x00000000080024b0                DMA2_Stream0_IRQHandler
                0x00000000080024b0                TIM4_IRQHandler
                0x00000000080024b0                I2C1_EV_IRQHandler
                0x00000000080024b0                DMA1_Stream6_IRQHandler
                0x00000000080024b0                DMA1_Stream1_IRQHandler
                0x00000000080024b0                UART4_IRQHandler
                0x00000000080024b0                TIM3_IRQHandler
                0x00000000080024b0                RCC_IRQHandler
                0x00000000080024b0                TIM8_BRK_TIM12_IRQHandler
                0x00000000080024b0                Default_Handler
                0x00000000080024b0                EXTI15_10_IRQHandler
                0x00000000080024b0                ADC_IRQHandler
                0x00000000080024b0                DMA1_Stream7_IRQHandler
                0x00000000080024b0                SPI5_IRQHandler
                0x00000000080024b0                TIM7_IRQHandler
                0x00000000080024b0                CAN2_TX_IRQHandler
                0x00000000080024b0                TIM5_IRQHandler
                0x00000000080024b0                DMA2_Stream7_IRQHandler
                0x00000000080024b0                I2C3_EV_IRQHandler
                0x00000000080024b0                EXTI9_5_IRQHandler
                0x00000000080024b0                RTC_WKUP_IRQHandler
                0x00000000080024b0                LTDC_IRQHandler
                0x00000000080024b0                ETH_WKUP_IRQHandler
                0x00000000080024b0                SPI2_IRQHandler
                0x00000000080024b0                OTG_HS_EP1_IN_IRQHandler
                0x00000000080024b0                DMA1_Stream0_IRQHandler
                0x00000000080024b0                CAN1_TX_IRQHandler
                0x00000000080024b0                EXTI4_IRQHandler
                0x00000000080024b0                ETH_IRQHandler
                0x00000000080024b0                OTG_HS_EP1_OUT_IRQHandler
                0x00000000080024b0                WWDG_IRQHandler
                0x00000000080024b0                SPI6_IRQHandler
                0x00000000080024b0                TIM2_IRQHandler
                0x00000000080024b0                OTG_FS_WKUP_IRQHandler
                0x00000000080024b0                TIM1_TRG_COM_TIM11_IRQHandler
                0x00000000080024b0                DMA2D_IRQHandler
                0x00000000080024b0                EXTI1_IRQHandler
                0x00000000080024b0                UART7_IRQHandler
                0x00000000080024b0                USART2_IRQHandler
                0x00000000080024b0                I2C2_ER_IRQHandler
                0x00000000080024b0                DMA2_Stream1_IRQHandler
                0x00000000080024b0                CAN1_SCE_IRQHandler
                0x00000000080024b0                FLASH_IRQHandler
                0x00000000080024b0                DMA2_Stream4_IRQHandler
                0x00000000080024b0                USART1_IRQHandler
                0x00000000080024b0                OTG_FS_IRQHandler
                0x00000000080024b0                SPI3_IRQHandler
                0x00000000080024b0                DMA1_Stream4_IRQHandler
                0x00000000080024b0                I2C1_ER_IRQHandler
                0x00000000080024b0                FMC_IRQHandler
                0x00000000080024b0                DMA2_Stream6_IRQHandler
                0x00000000080024b0                SAI1_IRQHandler
                0x00000000080024b0                DMA1_Stream3_IRQHandler
 .text.ili9341_Init
                0x00000000080024b2      0x294 ./Drivers/BSP/Components/ili9341/ili9341.o
                0x00000000080024b2                ili9341_Init
 .text.ili9341_ReadID
                0x0000000008002746       0x18 ./Drivers/BSP/Components/ili9341/ili9341.o
                0x0000000008002746                ili9341_ReadID
 .text.ili9341_DisplayOn
                0x000000000800275e        0xe ./Drivers/BSP/Components/ili9341/ili9341.o
                0x000000000800275e                ili9341_DisplayOn
 .text.ili9341_DisplayOff
                0x000000000800276c        0xe ./Drivers/BSP/Components/ili9341/ili9341.o
                0x000000000800276c                ili9341_DisplayOff
 .text.ili9341_WriteReg
                0x000000000800277a       0x1a ./Drivers/BSP/Components/ili9341/ili9341.o
                0x000000000800277a                ili9341_WriteReg
 .text.ili9341_WriteData
                0x0000000008002794       0x1a ./Drivers/BSP/Components/ili9341/ili9341.o
                0x0000000008002794                ili9341_WriteData
 .text.ili9341_ReadData
                0x00000000080027ae       0x26 ./Drivers/BSP/Components/ili9341/ili9341.o
                0x00000000080027ae                ili9341_ReadData
 .text.ili9341_GetLcdPixelWidth
                0x00000000080027d4       0x10 ./Drivers/BSP/Components/ili9341/ili9341.o
                0x00000000080027d4                ili9341_GetLcdPixelWidth
 .text.ili9341_GetLcdPixelHeight
                0x00000000080027e4       0x12 ./Drivers/BSP/Components/ili9341/ili9341.o
                0x00000000080027e4                ili9341_GetLcdPixelHeight
 *fill*         0x00000000080027f6        0x2 
 .text.stmpe811_Init
                0x00000000080027f8       0x50 ./Drivers/BSP/Components/stmpe811/stmpe811.o
                0x00000000080027f8                stmpe811_Init
 .text.stmpe811_Reset
                0x0000000008002848       0x3a ./Drivers/BSP/Components/stmpe811/stmpe811.o
                0x0000000008002848                stmpe811_Reset
 .text.stmpe811_ReadID
                0x0000000008002882       0x3e ./Drivers/BSP/Components/stmpe811/stmpe811.o
                0x0000000008002882                stmpe811_ReadID
 .text.stmpe811_EnableGlobalIT
                0x00000000080028c0       0x3c ./Drivers/BSP/Components/stmpe811/stmpe811.o
                0x00000000080028c0                stmpe811_EnableGlobalIT
 .text.stmpe811_DisableGlobalIT
                0x00000000080028fc       0x3c ./Drivers/BSP/Components/stmpe811/stmpe811.o
                0x00000000080028fc                stmpe811_DisableGlobalIT
 .text.stmpe811_EnableITSource
                0x0000000008002938       0x42 ./Drivers/BSP/Components/stmpe811/stmpe811.o
                0x0000000008002938                stmpe811_EnableITSource
 .text.stmpe811_DisableITSource
                0x000000000800297a       0x4c ./Drivers/BSP/Components/stmpe811/stmpe811.o
                0x000000000800297a                stmpe811_DisableITSource
 .text.stmpe811_ReadGITStatus
                0x00000000080029c6       0x2e ./Drivers/BSP/Components/stmpe811/stmpe811.o
                0x00000000080029c6                stmpe811_ReadGITStatus
 .text.stmpe811_ClearGlobalIT
                0x00000000080029f4       0x26 ./Drivers/BSP/Components/stmpe811/stmpe811.o
                0x00000000080029f4                stmpe811_ClearGlobalIT
 .text.stmpe811_IO_EnableAF
                0x0000000008002a1a       0x48 ./Drivers/BSP/Components/stmpe811/stmpe811.o
                0x0000000008002a1a                stmpe811_IO_EnableAF
 .text.stmpe811_TS_Start
                0x0000000008002a62       0xf0 ./Drivers/BSP/Components/stmpe811/stmpe811.o
                0x0000000008002a62                stmpe811_TS_Start
 .text.stmpe811_TS_DetectTouch
                0x0000000008002b52       0x70 ./Drivers/BSP/Components/stmpe811/stmpe811.o
                0x0000000008002b52                stmpe811_TS_DetectTouch
 .text.stmpe811_TS_GetXY
                0x0000000008002bc2       0x72 ./Drivers/BSP/Components/stmpe811/stmpe811.o
                0x0000000008002bc2                stmpe811_TS_GetXY
 .text.stmpe811_TS_EnableIT
                0x0000000008002c34       0x28 ./Drivers/BSP/Components/stmpe811/stmpe811.o
                0x0000000008002c34                stmpe811_TS_EnableIT
 .text.stmpe811_TS_DisableIT
                0x0000000008002c5c       0x24 ./Drivers/BSP/Components/stmpe811/stmpe811.o
                0x0000000008002c5c                stmpe811_TS_DisableIT
 .text.stmpe811_TS_ITStatus
                0x0000000008002c80       0x1e ./Drivers/BSP/Components/stmpe811/stmpe811.o
                0x0000000008002c80                stmpe811_TS_ITStatus
 .text.stmpe811_TS_ClearIT
                0x0000000008002c9e       0x1c ./Drivers/BSP/Components/stmpe811/stmpe811.o
                0x0000000008002c9e                stmpe811_TS_ClearIT
 *fill*         0x0000000008002cba        0x2 
 .text.stmpe811_GetInstance
                0x0000000008002cbc       0x44 ./Drivers/BSP/Components/stmpe811/stmpe811.o
 .text.BSP_LED_Toggle
                0x0000000008002d00       0x34 ./Drivers/BSP/STM32F429I-Discovery/stm32f429i_discovery.o
                0x0000000008002d00                BSP_LED_Toggle
 .text.I2Cx_MspInit
                0x0000000008002d34       0xec ./Drivers/BSP/STM32F429I-Discovery/stm32f429i_discovery.o
 .text.I2Cx_Init
                0x0000000008002e20       0x64 ./Drivers/BSP/STM32F429I-Discovery/stm32f429i_discovery.o
 .text.I2Cx_ITConfig
                0x0000000008002e84       0x60 ./Drivers/BSP/STM32F429I-Discovery/stm32f429i_discovery.o
 .text.I2Cx_WriteData
                0x0000000008002ee4       0x54 ./Drivers/BSP/STM32F429I-Discovery/stm32f429i_discovery.o
 .text.I2Cx_ReadData
                0x0000000008002f38       0x58 ./Drivers/BSP/STM32F429I-Discovery/stm32f429i_discovery.o
 .text.I2Cx_ReadBuffer
                0x0000000008002f90       0x5c ./Drivers/BSP/STM32F429I-Discovery/stm32f429i_discovery.o
 .text.I2Cx_Error
                0x0000000008002fec       0x18 ./Drivers/BSP/STM32F429I-Discovery/stm32f429i_discovery.o
 .text.SPIx_Init
                0x0000000008003004       0x74 ./Drivers/BSP/STM32F429I-Discovery/stm32f429i_discovery.o
 .text.SPIx_Read
                0x0000000008003078       0x40 ./Drivers/BSP/STM32F429I-Discovery/stm32f429i_discovery.o
 .text.SPIx_Write
                0x00000000080030b8       0x3c ./Drivers/BSP/STM32F429I-Discovery/stm32f429i_discovery.o
 .text.SPIx_Error
                0x00000000080030f4       0x18 ./Drivers/BSP/STM32F429I-Discovery/stm32f429i_discovery.o
 .text.SPIx_MspInit
                0x000000000800310c       0x74 ./Drivers/BSP/STM32F429I-Discovery/stm32f429i_discovery.o
 .text.LCD_IO_Init
                0x0000000008003180       0xf0 ./Drivers/BSP/STM32F429I-Discovery/stm32f429i_discovery.o
                0x0000000008003180                LCD_IO_Init
 .text.LCD_IO_WriteData
                0x0000000008003270       0x44 ./Drivers/BSP/STM32F429I-Discovery/stm32f429i_discovery.o
                0x0000000008003270                LCD_IO_WriteData
 .text.LCD_IO_WriteReg
                0x00000000080032b4       0x44 ./Drivers/BSP/STM32F429I-Discovery/stm32f429i_discovery.o
                0x00000000080032b4                LCD_IO_WriteReg
 .text.LCD_IO_ReadData
                0x00000000080032f8       0x64 ./Drivers/BSP/STM32F429I-Discovery/stm32f429i_discovery.o
                0x00000000080032f8                LCD_IO_ReadData
 .text.LCD_Delay
                0x000000000800335c       0x16 ./Drivers/BSP/STM32F429I-Discovery/stm32f429i_discovery.o
                0x000000000800335c                LCD_Delay
 .text.IOE_Init
                0x0000000008003372        0xc ./Drivers/BSP/STM32F429I-Discovery/stm32f429i_discovery.o
                0x0000000008003372                IOE_Init
 .text.IOE_ITConfig
                0x000000000800337e        0xc ./Drivers/BSP/STM32F429I-Discovery/stm32f429i_discovery.o
                0x000000000800337e                IOE_ITConfig
 .text.IOE_Write
                0x000000000800338a       0x26 ./Drivers/BSP/STM32F429I-Discovery/stm32f429i_discovery.o
                0x000000000800338a                IOE_Write
 .text.IOE_Read
                0x00000000080033b0       0x26 ./Drivers/BSP/STM32F429I-Discovery/stm32f429i_discovery.o
                0x00000000080033b0                IOE_Read
 .text.IOE_ReadMultiple
                0x00000000080033d6       0x2e ./Drivers/BSP/STM32F429I-Discovery/stm32f429i_discovery.o
                0x00000000080033d6                IOE_ReadMultiple
 .text.IOE_Delay
                0x0000000008003404       0x16 ./Drivers/BSP/STM32F429I-Discovery/stm32f429i_discovery.o
                0x0000000008003404                IOE_Delay
 *fill*         0x000000000800341a        0x2 
 .text.BSP_LCD_Init
                0x000000000800341c       0xd4 ./Drivers/BSP/STM32F429I-Discovery/stm32f429i_discovery_lcd.o
                0x000000000800341c                BSP_LCD_Init
 .text.BSP_LCD_GetXSize
                0x00000000080034f0       0x18 ./Drivers/BSP/STM32F429I-Discovery/stm32f429i_discovery_lcd.o
                0x00000000080034f0                BSP_LCD_GetXSize
 .text.BSP_LCD_GetYSize
                0x0000000008003508       0x18 ./Drivers/BSP/STM32F429I-Discovery/stm32f429i_discovery_lcd.o
                0x0000000008003508                BSP_LCD_GetYSize
 .text.BSP_LCD_LayerDefaultInit
                0x0000000008003520       0xc8 ./Drivers/BSP/STM32F429I-Discovery/stm32f429i_discovery_lcd.o
                0x0000000008003520                BSP_LCD_LayerDefaultInit
 .text.BSP_LCD_SelectLayer
                0x00000000080035e8       0x20 ./Drivers/BSP/STM32F429I-Discovery/stm32f429i_discovery_lcd.o
                0x00000000080035e8                BSP_LCD_SelectLayer
 .text.BSP_LCD_SetLayerVisible
                0x0000000008003608       0x7c ./Drivers/BSP/STM32F429I-Discovery/stm32f429i_discovery_lcd.o
                0x0000000008003608                BSP_LCD_SetLayerVisible
 .text.BSP_LCD_SetColorKeying
                0x0000000008003684       0x28 ./Drivers/BSP/STM32F429I-Discovery/stm32f429i_discovery_lcd.o
                0x0000000008003684                BSP_LCD_SetColorKeying
 .text.BSP_LCD_SetFont
                0x00000000080036ac       0x34 ./Drivers/BSP/STM32F429I-Discovery/stm32f429i_discovery_lcd.o
                0x00000000080036ac                BSP_LCD_SetFont
 .text.BSP_LCD_GetFont
                0x00000000080036e0       0x2c ./Drivers/BSP/STM32F429I-Discovery/stm32f429i_discovery_lcd.o
                0x00000000080036e0                BSP_LCD_GetFont
 .text.BSP_LCD_Clear
                0x000000000800370c       0x50 ./Drivers/BSP/STM32F429I-Discovery/stm32f429i_discovery_lcd.o
                0x000000000800370c                BSP_LCD_Clear
 .text.BSP_LCD_DisplayChar
                0x000000000800375c       0x88 ./Drivers/BSP/STM32F429I-Discovery/stm32f429i_discovery_lcd.o
                0x000000000800375c                BSP_LCD_DisplayChar
 .text.BSP_LCD_DisplayStringAt
                0x00000000080037e4      0x17c ./Drivers/BSP/STM32F429I-Discovery/stm32f429i_discovery_lcd.o
                0x00000000080037e4                BSP_LCD_DisplayStringAt
 .text.BSP_LCD_DisplayStringAtLine
                0x0000000008003960       0x2e ./Drivers/BSP/STM32F429I-Discovery/stm32f429i_discovery_lcd.o
                0x0000000008003960                BSP_LCD_DisplayStringAtLine
 *fill*         0x000000000800398e        0x2 
 .text.BSP_LCD_DisplayOn
                0x0000000008003990       0x20 ./Drivers/BSP/STM32F429I-Discovery/stm32f429i_discovery_lcd.o
                0x0000000008003990                BSP_LCD_DisplayOn
 .text.BSP_LCD_MspInit
                0x00000000080039b0      0x1ac ./Drivers/BSP/STM32F429I-Discovery/stm32f429i_discovery_lcd.o
                0x00000000080039b0                BSP_LCD_MspInit
 .text.BSP_LCD_DrawPixel
                0x0000000008003b5c       0x4c ./Drivers/BSP/STM32F429I-Discovery/stm32f429i_discovery_lcd.o
                0x0000000008003b5c                BSP_LCD_DrawPixel
 .text.DrawChar
                0x0000000008003ba8      0x174 ./Drivers/BSP/STM32F429I-Discovery/stm32f429i_discovery_lcd.o
 .text.FillBuffer
                0x0000000008003d1c       0x70 ./Drivers/BSP/STM32F429I-Discovery/stm32f429i_discovery_lcd.o
 .text.BSP_SDRAM_Init
                0x0000000008003d8c       0xbc ./Drivers/BSP/STM32F429I-Discovery/stm32f429i_discovery_sdram.o
                0x0000000008003d8c                BSP_SDRAM_Init
 .text.BSP_SDRAM_Initialization_sequence
                0x0000000008003e48       0xc0 ./Drivers/BSP/STM32F429I-Discovery/stm32f429i_discovery_sdram.o
                0x0000000008003e48                BSP_SDRAM_Initialization_sequence
 .text.BSP_SDRAM_MspInit
                0x0000000008003f08      0x218 ./Drivers/BSP/STM32F429I-Discovery/stm32f429i_discovery_sdram.o
                0x0000000008003f08                BSP_SDRAM_MspInit
 .text.BSP_TS_Init
                0x0000000008004120       0x74 ./Drivers/BSP/STM32F429I-Discovery/stm32f429i_discovery_ts.o
                0x0000000008004120                BSP_TS_Init
 .text.BSP_TS_GetState
                0x0000000008004194      0x164 ./Drivers/BSP/STM32F429I-Discovery/stm32f429i_discovery_ts.o
                0x0000000008004194                BSP_TS_GetState
 .text.HAL_Init
                0x00000000080042f8       0x44 ./Drivers/STM32F4xx_HAL_Driver/stm32f4xx_hal.o
                0x00000000080042f8                HAL_Init
 .text.HAL_IncTick
                0x000000000800433c       0x28 ./Drivers/STM32F4xx_HAL_Driver/stm32f4xx_hal.o
                0x000000000800433c                HAL_IncTick
 .text.HAL_GetTick
                0x0000000008004364       0x18 ./Drivers/STM32F4xx_HAL_Driver/stm32f4xx_hal.o
                0x0000000008004364                HAL_GetTick
 .text.HAL_Delay
                0x000000000800437c       0x48 ./Drivers/STM32F4xx_HAL_Driver/stm32f4xx_hal.o
                0x000000000800437c                HAL_Delay
 .text.__NVIC_SetPriorityGrouping
                0x00000000080043c4       0x48 ./Drivers/STM32F4xx_HAL_Driver/stm32f4xx_hal_cortex.o
 .text.__NVIC_GetPriorityGrouping
                0x000000000800440c       0x1c ./Drivers/STM32F4xx_HAL_Driver/stm32f4xx_hal_cortex.o
 .text.__NVIC_EnableIRQ
                0x0000000008004428       0x3c ./Drivers/STM32F4xx_HAL_Driver/stm32f4xx_hal_cortex.o
 .text.__NVIC_SetPriority
                0x0000000008004464       0x54 ./Drivers/STM32F4xx_HAL_Driver/stm32f4xx_hal_cortex.o
 .text.NVIC_EncodePriority
                0x00000000080044b8       0x66 ./Drivers/STM32F4xx_HAL_Driver/stm32f4xx_hal_cortex.o
 .text.HAL_NVIC_SetPriorityGrouping
                0x000000000800451e       0x16 ./Drivers/STM32F4xx_HAL_Driver/stm32f4xx_hal_cortex.o
                0x000000000800451e                HAL_NVIC_SetPriorityGrouping
 .text.HAL_NVIC_SetPriority
                0x0000000008004534       0x38 ./Drivers/STM32F4xx_HAL_Driver/stm32f4xx_hal_cortex.o
                0x0000000008004534                HAL_NVIC_SetPriority
 .text.HAL_NVIC_EnableIRQ
                0x000000000800456c       0x1c ./Drivers/STM32F4xx_HAL_Driver/stm32f4xx_hal_cortex.o
                0x000000000800456c                HAL_NVIC_EnableIRQ
 .text.HAL_CRC_Init
                0x0000000008004588       0x38 ./Drivers/STM32F4xx_HAL_Driver/stm32f4xx_hal_crc.o
                0x0000000008004588                HAL_CRC_Init
 .text.HAL_DMA_Init
                0x00000000080045c0      0x15c ./Drivers/STM32F4xx_HAL_Driver/stm32f4xx_hal_dma.o
                0x00000000080045c0                HAL_DMA_Init
 .text.HAL_DMA_DeInit
                0x000000000800471c       0xbc ./Drivers/STM32F4xx_HAL_Driver/stm32f4xx_hal_dma.o
                0x000000000800471c                HAL_DMA_DeInit
 .text.DMA_CalcBaseAndBitshift
                0x00000000080047d8       0x6c ./Drivers/STM32F4xx_HAL_Driver/stm32f4xx_hal_dma.o
 .text.DMA_CheckFifoParam
                0x0000000008004844       0xf8 ./Drivers/STM32F4xx_HAL_Driver/stm32f4xx_hal_dma.o
 .text.HAL_DMA2D_Init
                0x000000000800493c       0x92 ./Drivers/STM32F4xx_HAL_Driver/stm32f4xx_hal_dma2d.o
                0x000000000800493c                HAL_DMA2D_Init
 .text.HAL_DMA2D_Start
                0x00000000080049ce       0x56 ./Drivers/STM32F4xx_HAL_Driver/stm32f4xx_hal_dma2d.o
                0x00000000080049ce                HAL_DMA2D_Start
 .text.HAL_DMA2D_PollForTransfer
                0x0000000008004a24      0x1d2 ./Drivers/STM32F4xx_HAL_Driver/stm32f4xx_hal_dma2d.o
                0x0000000008004a24                HAL_DMA2D_PollForTransfer
 *fill*         0x0000000008004bf6        0x2 
 .text.HAL_DMA2D_ConfigLayer
                0x0000000008004bf8      0x124 ./Drivers/STM32F4xx_HAL_Driver/stm32f4xx_hal_dma2d.o
                0x0000000008004bf8                HAL_DMA2D_ConfigLayer
 .text.DMA2D_SetConfig
                0x0000000008004d1c      0x138 ./Drivers/STM32F4xx_HAL_Driver/stm32f4xx_hal_dma2d.o
 .text.HAL_FLASH_Program
                0x0000000008004e54       0xa8 ./Drivers/STM32F4xx_HAL_Driver/stm32f4xx_hal_flash.o
                0x0000000008004e54                HAL_FLASH_Program
 .text.HAL_FLASH_Unlock
                0x0000000008004efc       0x44 ./Drivers/STM32F4xx_HAL_Driver/stm32f4xx_hal_flash.o
                0x0000000008004efc                HAL_FLASH_Unlock
 .text.FLASH_WaitForLastOperation
                0x0000000008004f40       0x80 ./Drivers/STM32F4xx_HAL_Driver/stm32f4xx_hal_flash.o
                0x0000000008004f40                FLASH_WaitForLastOperation
 .text.FLASH_Program_DoubleWord
                0x0000000008004fc0       0x64 ./Drivers/STM32F4xx_HAL_Driver/stm32f4xx_hal_flash.o
 .text.FLASH_Program_Word
                0x0000000008005024       0x44 ./Drivers/STM32F4xx_HAL_Driver/stm32f4xx_hal_flash.o
 .text.FLASH_Program_HalfWord
                0x0000000008005068       0x48 ./Drivers/STM32F4xx_HAL_Driver/stm32f4xx_hal_flash.o
 .text.FLASH_Program_Byte
                0x00000000080050b0       0x44 ./Drivers/STM32F4xx_HAL_Driver/stm32f4xx_hal_flash.o
 .text.FLASH_SetErrorCode
                0x00000000080050f4       0xcc ./Drivers/STM32F4xx_HAL_Driver/stm32f4xx_hal_flash.o
 .text.HAL_FLASHEx_Erase
                0x00000000080051c0       0xe4 ./Drivers/STM32F4xx_HAL_Driver/stm32f4xx_hal_flash_ex.o
                0x00000000080051c0                HAL_FLASHEx_Erase
 .text.FLASH_MassErase
                0x00000000080052a4       0x74 ./Drivers/STM32F4xx_HAL_Driver/stm32f4xx_hal_flash_ex.o
 .text.FLASH_Erase_Sector
                0x0000000008005318       0x9c ./Drivers/STM32F4xx_HAL_Driver/stm32f4xx_hal_flash_ex.o
                0x0000000008005318                FLASH_Erase_Sector
 .text.FLASH_FlushCaches
                0x00000000080053b4       0x8c ./Drivers/STM32F4xx_HAL_Driver/stm32f4xx_hal_flash_ex.o
                0x00000000080053b4                FLASH_FlushCaches
 .text.HAL_GPIO_Init
                0x0000000008005440      0x358 ./Drivers/STM32F4xx_HAL_Driver/stm32f4xx_hal_gpio.o
                0x0000000008005440                HAL_GPIO_Init
 .text.HAL_GPIO_DeInit
                0x0000000008005798      0x218 ./Drivers/STM32F4xx_HAL_Driver/stm32f4xx_hal_gpio.o
                0x0000000008005798                HAL_GPIO_DeInit
 .text.HAL_GPIO_WritePin
                0x00000000080059b0       0x32 ./Drivers/STM32F4xx_HAL_Driver/stm32f4xx_hal_gpio.o
                0x00000000080059b0                HAL_GPIO_WritePin
 .text.HAL_GPIO_TogglePin
                0x00000000080059e2       0x34 ./Drivers/STM32F4xx_HAL_Driver/stm32f4xx_hal_gpio.o
                0x00000000080059e2                HAL_GPIO_TogglePin
 *fill*         0x0000000008005a16        0x2 
 .text.HAL_GPIO_EXTI_IRQHandler
                0x0000000008005a18       0x30 ./Drivers/STM32F4xx_HAL_Driver/stm32f4xx_hal_gpio.o
                0x0000000008005a18                HAL_GPIO_EXTI_IRQHandler
 .text.HAL_HCD_Init
                0x0000000008005a48       0xc4 ./Drivers/STM32F4xx_HAL_Driver/stm32f4xx_hal_hcd.o
                0x0000000008005a48                HAL_HCD_Init
 .text.HAL_HCD_IRQHandler
                0x0000000008005b0c      0x216 ./Drivers/STM32F4xx_HAL_Driver/stm32f4xx_hal_hcd.o
                0x0000000008005b0c                HAL_HCD_IRQHandler
 .text.HAL_HCD_SOF_Callback
                0x0000000008005d22       0x14 ./Drivers/STM32F4xx_HAL_Driver/stm32f4xx_hal_hcd.o
                0x0000000008005d22                HAL_HCD_SOF_Callback
 .text.HAL_HCD_Connect_Callback
                0x0000000008005d36       0x14 ./Drivers/STM32F4xx_HAL_Driver/stm32f4xx_hal_hcd.o
                0x0000000008005d36                HAL_HCD_Connect_Callback
 .text.HAL_HCD_Disconnect_Callback
                0x0000000008005d4a       0x14 ./Drivers/STM32F4xx_HAL_Driver/stm32f4xx_hal_hcd.o
                0x0000000008005d4a                HAL_HCD_Disconnect_Callback
 .text.HAL_HCD_PortEnabled_Callback
                0x0000000008005d5e       0x14 ./Drivers/STM32F4xx_HAL_Driver/stm32f4xx_hal_hcd.o
                0x0000000008005d5e                HAL_HCD_PortEnabled_Callback
 .text.HAL_HCD_PortDisabled_Callback
                0x0000000008005d72       0x14 ./Drivers/STM32F4xx_HAL_Driver/stm32f4xx_hal_hcd.o
                0x0000000008005d72                HAL_HCD_PortDisabled_Callback
 .text.HAL_HCD_HC_NotifyURBChange_Callback
                0x0000000008005d86       0x1c ./Drivers/STM32F4xx_HAL_Driver/stm32f4xx_hal_hcd.o
                0x0000000008005d86                HAL_HCD_HC_NotifyURBChange_Callback
 .text.HCD_HC_IN_IRQHandler
                0x0000000008005da2      0x6aa ./Drivers/STM32F4xx_HAL_Driver/stm32f4xx_hal_hcd.o
 .text.HCD_HC_OUT_IRQHandler
                0x000000000800644c      0x6d2 ./Drivers/STM32F4xx_HAL_Driver/stm32f4xx_hal_hcd.o
 .text.HCD_RXQLVL_IRQHandler
                0x0000000008006b1e      0x1a4 ./Drivers/STM32F4xx_HAL_Driver/stm32f4xx_hal_hcd.o
 .text.HCD_Port_IRQHandler
                0x0000000008006cc2       0xe6 ./Drivers/STM32F4xx_HAL_Driver/stm32f4xx_hal_hcd.o
 .text.HAL_I2C_Init
                0x0000000008006da8      0x288 ./Drivers/STM32F4xx_HAL_Driver/stm32f4xx_hal_i2c.o
                0x0000000008006da8                HAL_I2C_Init
 .text.HAL_I2C_DeInit
                0x0000000008007030       0x5e ./Drivers/STM32F4xx_HAL_Driver/stm32f4xx_hal_i2c.o
                0x0000000008007030                HAL_I2C_DeInit
 *fill*         0x000000000800708e        0x2 
 .text.HAL_I2C_Mem_Write
                0x0000000008007090      0x1f4 ./Drivers/STM32F4xx_HAL_Driver/stm32f4xx_hal_i2c.o
                0x0000000008007090                HAL_I2C_Mem_Write
 .text.HAL_I2C_Mem_Read
                0x0000000008007284      0x44c ./Drivers/STM32F4xx_HAL_Driver/stm32f4xx_hal_i2c.o
                0x0000000008007284                HAL_I2C_Mem_Read
 .text.HAL_I2C_GetState
                0x00000000080076d0       0x1c ./Drivers/STM32F4xx_HAL_Driver/stm32f4xx_hal_i2c.o
                0x00000000080076d0                HAL_I2C_GetState
 .text.I2C_RequestMemoryWrite
                0x00000000080076ec      0x12c ./Drivers/STM32F4xx_HAL_Driver/stm32f4xx_hal_i2c.o
 .text.I2C_RequestMemoryRead
                0x0000000008007818      0x1d0 ./Drivers/STM32F4xx_HAL_Driver/stm32f4xx_hal_i2c.o
 .text.I2C_WaitOnFlagUntilTimeout
                0x00000000080079e8       0xae ./Drivers/STM32F4xx_HAL_Driver/stm32f4xx_hal_i2c.o
 .text.I2C_WaitOnMasterAddressFlagUntilTimeout
                0x0000000008007a96       0xfe ./Drivers/STM32F4xx_HAL_Driver/stm32f4xx_hal_i2c.o
 .text.I2C_WaitOnTXEFlagUntilTimeout
                0x0000000008007b94       0x82 ./Drivers/STM32F4xx_HAL_Driver/stm32f4xx_hal_i2c.o
 .text.I2C_WaitOnBTFFlagUntilTimeout
                0x0000000008007c16       0x82 ./Drivers/STM32F4xx_HAL_Driver/stm32f4xx_hal_i2c.o
 .text.I2C_WaitOnRXNEFlagUntilTimeout
                0x0000000008007c98       0xac ./Drivers/STM32F4xx_HAL_Driver/stm32f4xx_hal_i2c.o
 .text.I2C_IsAcknowledgeFailed
                0x0000000008007d44       0x5e ./Drivers/STM32F4xx_HAL_Driver/stm32f4xx_hal_i2c.o
 .text.HAL_I2CEx_ConfigAnalogFilter
                0x0000000008007da2       0x78 ./Drivers/STM32F4xx_HAL_Driver/stm32f4xx_hal_i2c_ex.o
                0x0000000008007da2                HAL_I2CEx_ConfigAnalogFilter
 .text.HAL_I2CEx_ConfigDigitalFilter
                0x0000000008007e1a       0x7e ./Drivers/STM32F4xx_HAL_Driver/stm32f4xx_hal_i2c_ex.o
                0x0000000008007e1a                HAL_I2CEx_ConfigDigitalFilter
 .text.HAL_LTDC_Init
                0x0000000008007e98      0x1a0 ./Drivers/STM32F4xx_HAL_Driver/stm32f4xx_hal_ltdc.o
                0x0000000008007e98                HAL_LTDC_Init
 .text.HAL_LTDC_ConfigLayer
                0x0000000008008038       0x7c ./Drivers/STM32F4xx_HAL_Driver/stm32f4xx_hal_ltdc.o
                0x0000000008008038                HAL_LTDC_ConfigLayer
 .text.HAL_LTDC_ConfigColorKeying
                0x00000000080080b4       0x88 ./Drivers/STM32F4xx_HAL_Driver/stm32f4xx_hal_ltdc.o
                0x00000000080080b4                HAL_LTDC_ConfigColorKeying
 .text.HAL_LTDC_EnableColorKeying
                0x000000000800813c       0x72 ./Drivers/STM32F4xx_HAL_Driver/stm32f4xx_hal_ltdc.o
                0x000000000800813c                HAL_LTDC_EnableColorKeying
 *fill*         0x00000000080081ae        0x2 
 .text.HAL_LTDC_EnableDither
                0x00000000080081b0       0x54 ./Drivers/STM32F4xx_HAL_Driver/stm32f4xx_hal_ltdc.o
                0x00000000080081b0                HAL_LTDC_EnableDither
 .text.LTDC_SetConfig
                0x0000000008008204      0x32e ./Drivers/STM32F4xx_HAL_Driver/stm32f4xx_hal_ltdc.o
 *fill*         0x0000000008008532        0x2 
 .text.HAL_RCC_OscConfig
                0x0000000008008534      0x4f0 ./Drivers/STM32F4xx_HAL_Driver/stm32f4xx_hal_rcc.o
                0x0000000008008534                HAL_RCC_OscConfig
 .text.HAL_RCC_ClockConfig
                0x0000000008008a24      0x1cc ./Drivers/STM32F4xx_HAL_Driver/stm32f4xx_hal_rcc.o
                0x0000000008008a24                HAL_RCC_ClockConfig
 .text.HAL_RCC_GetSysClockFreq
                0x0000000008008bf0      0x20c ./Drivers/STM32F4xx_HAL_Driver/stm32f4xx_hal_rcc.o
                0x0000000008008bf0                HAL_RCC_GetSysClockFreq
 .text.HAL_RCC_GetHCLKFreq
                0x0000000008008dfc       0x18 ./Drivers/STM32F4xx_HAL_Driver/stm32f4xx_hal_rcc.o
                0x0000000008008dfc                HAL_RCC_GetHCLKFreq
 .text.HAL_RCC_GetPCLK1Freq
                0x0000000008008e14       0x28 ./Drivers/STM32F4xx_HAL_Driver/stm32f4xx_hal_rcc.o
                0x0000000008008e14                HAL_RCC_GetPCLK1Freq
 .text.HAL_RCC_GetPCLK2Freq
                0x0000000008008e3c       0x28 ./Drivers/STM32F4xx_HAL_Driver/stm32f4xx_hal_rcc.o
                0x0000000008008e3c                HAL_RCC_GetPCLK2Freq
 .text.HAL_RCC_GetClockConfig
                0x0000000008008e64       0x64 ./Drivers/STM32F4xx_HAL_Driver/stm32f4xx_hal_rcc.o
                0x0000000008008e64                HAL_RCC_GetClockConfig
 .text.HAL_RCCEx_PeriphCLKConfig
                0x0000000008008ec8      0x380 ./Drivers/STM32F4xx_HAL_Driver/stm32f4xx_hal_rcc_ex.o
                0x0000000008008ec8                HAL_RCCEx_PeriphCLKConfig
 .text.HAL_SDRAM_Init
                0x0000000008009248       0x68 ./Drivers/STM32F4xx_HAL_Driver/stm32f4xx_hal_sdram.o
                0x0000000008009248                HAL_SDRAM_Init
 .text.HAL_SDRAM_SendCommand
                0x00000000080092b0       0x6a ./Drivers/STM32F4xx_HAL_Driver/stm32f4xx_hal_sdram.o
                0x00000000080092b0                HAL_SDRAM_SendCommand
 .text.HAL_SDRAM_ProgramRefreshRate
                0x000000000800931a       0x50 ./Drivers/STM32F4xx_HAL_Driver/stm32f4xx_hal_sdram.o
                0x000000000800931a                HAL_SDRAM_ProgramRefreshRate
 .text.HAL_SPI_Init
                0x000000000800936a      0x112 ./Drivers/STM32F4xx_HAL_Driver/stm32f4xx_hal_spi.o
                0x000000000800936a                HAL_SPI_Init
 .text.HAL_SPI_DeInit
                0x000000000800947c       0x50 ./Drivers/STM32F4xx_HAL_Driver/stm32f4xx_hal_spi.o
                0x000000000800947c                HAL_SPI_DeInit
 .text.HAL_SPI_Transmit
                0x00000000080094cc      0x278 ./Drivers/STM32F4xx_HAL_Driver/stm32f4xx_hal_spi.o
                0x00000000080094cc                HAL_SPI_Transmit
 .text.HAL_SPI_Receive
                0x0000000008009744      0x222 ./Drivers/STM32F4xx_HAL_Driver/stm32f4xx_hal_spi.o
                0x0000000008009744                HAL_SPI_Receive
 .text.HAL_SPI_TransmitReceive
                0x0000000008009966      0x344 ./Drivers/STM32F4xx_HAL_Driver/stm32f4xx_hal_spi.o
                0x0000000008009966                HAL_SPI_TransmitReceive
 .text.HAL_SPI_GetState
                0x0000000008009caa       0x1c ./Drivers/STM32F4xx_HAL_Driver/stm32f4xx_hal_spi.o
                0x0000000008009caa                HAL_SPI_GetState
 *fill*         0x0000000008009cc6        0x2 
 .text.SPI_WaitFlagStateUntilTimeout
                0x0000000008009cc8      0x110 ./Drivers/STM32F4xx_HAL_Driver/stm32f4xx_hal_spi.o
 .text.SPI_EndRxTransaction
                0x0000000008009dd8       0xca ./Drivers/STM32F4xx_HAL_Driver/stm32f4xx_hal_spi.o
 *fill*         0x0000000008009ea2        0x2 
 .text.SPI_EndRxTxTransaction
                0x0000000008009ea4       0x84 ./Drivers/STM32F4xx_HAL_Driver/stm32f4xx_hal_spi.o
 .text.HAL_TIM_Base_Init
                0x0000000008009f28       0x9e ./Drivers/STM32F4xx_HAL_Driver/stm32f4xx_hal_tim.o
                0x0000000008009f28                HAL_TIM_Base_Init
 *fill*         0x0000000008009fc6        0x2 
 .text.HAL_TIM_Base_Start_IT
                0x0000000008009fc8       0xe0 ./Drivers/STM32F4xx_HAL_Driver/stm32f4xx_hal_tim.o
                0x0000000008009fc8                HAL_TIM_Base_Start_IT
 .text.HAL_TIM_IRQHandler
                0x000000000800a0a8      0x210 ./Drivers/STM32F4xx_HAL_Driver/stm32f4xx_hal_tim.o
                0x000000000800a0a8                HAL_TIM_IRQHandler
 .text.HAL_TIM_ConfigClockSource
                0x000000000800a2b8      0x18e ./Drivers/STM32F4xx_HAL_Driver/stm32f4xx_hal_tim.o
                0x000000000800a2b8                HAL_TIM_ConfigClockSource
 .text.HAL_TIM_OC_DelayElapsedCallback
                0x000000000800a446       0x14 ./Drivers/STM32F4xx_HAL_Driver/stm32f4xx_hal_tim.o
                0x000000000800a446                HAL_TIM_OC_DelayElapsedCallback
 .text.HAL_TIM_IC_CaptureCallback
                0x000000000800a45a       0x14 ./Drivers/STM32F4xx_HAL_Driver/stm32f4xx_hal_tim.o
                0x000000000800a45a                HAL_TIM_IC_CaptureCallback
 .text.HAL_TIM_PWM_PulseFinishedCallback
                0x000000000800a46e       0x14 ./Drivers/STM32F4xx_HAL_Driver/stm32f4xx_hal_tim.o
                0x000000000800a46e                HAL_TIM_PWM_PulseFinishedCallback
 .text.HAL_TIM_TriggerCallback
                0x000000000800a482       0x14 ./Drivers/STM32F4xx_HAL_Driver/stm32f4xx_hal_tim.o
                0x000000000800a482                HAL_TIM_TriggerCallback
 *fill*         0x000000000800a496        0x2 
 .text.TIM_Base_SetConfig
                0x000000000800a498      0x140 ./Drivers/STM32F4xx_HAL_Driver/stm32f4xx_hal_tim.o
                0x000000000800a498                TIM_Base_SetConfig
 .text.TIM_TI1_ConfigInputStage
                0x000000000800a5d8       0x5e ./Drivers/STM32F4xx_HAL_Driver/stm32f4xx_hal_tim.o
 .text.TIM_TI2_ConfigInputStage
                0x000000000800a636       0x60 ./Drivers/STM32F4xx_HAL_Driver/stm32f4xx_hal_tim.o
 .text.TIM_ITRx_SetConfig
                0x000000000800a696       0x36 ./Drivers/STM32F4xx_HAL_Driver/stm32f4xx_hal_tim.o
 .text.TIM_ETR_SetConfig
                0x000000000800a6cc       0x40 ./Drivers/STM32F4xx_HAL_Driver/stm32f4xx_hal_tim.o
                0x000000000800a6cc                TIM_ETR_SetConfig
 .text.HAL_TIMEx_MasterConfigSynchronization
                0x000000000800a70c       0xf8 ./Drivers/STM32F4xx_HAL_Driver/stm32f4xx_hal_tim_ex.o
                0x000000000800a70c                HAL_TIMEx_MasterConfigSynchronization
 .text.HAL_TIMEx_CommutCallback
                0x000000000800a804       0x14 ./Drivers/STM32F4xx_HAL_Driver/stm32f4xx_hal_tim_ex.o
                0x000000000800a804                HAL_TIMEx_CommutCallback
 .text.HAL_TIMEx_BreakCallback
                0x000000000800a818       0x14 ./Drivers/STM32F4xx_HAL_Driver/stm32f4xx_hal_tim_ex.o
                0x000000000800a818                HAL_TIMEx_BreakCallback
 .text.HAL_UART_Init
                0x000000000800a82c       0x9a ./Drivers/STM32F4xx_HAL_Driver/stm32f4xx_hal_uart.o
                0x000000000800a82c                HAL_UART_Init
 .text.HAL_UART_Transmit
                0x000000000800a8c6      0x124 ./Drivers/STM32F4xx_HAL_Driver/stm32f4xx_hal_uart.o
                0x000000000800a8c6                HAL_UART_Transmit
 .text.UART_WaitOnFlagUntilTimeout
                0x000000000800a9ea       0xdc ./Drivers/STM32F4xx_HAL_Driver/stm32f4xx_hal_uart.o
 *fill*         0x000000000800aac6        0x2 
 .text.UART_SetConfig
                0x000000000800aac8      0x4e8 ./Drivers/STM32F4xx_HAL_Driver/stm32f4xx_hal_uart.o
 .text.FMC_SDRAM_Init
                0x000000000800afb0       0xba ./Drivers/STM32F4xx_HAL_Driver/stm32f4xx_ll_fmc.o
                0x000000000800afb0                FMC_SDRAM_Init
 .text.FMC_SDRAM_Timing_Init
                0x000000000800b06a       0xd2 ./Drivers/STM32F4xx_HAL_Driver/stm32f4xx_ll_fmc.o
                0x000000000800b06a                FMC_SDRAM_Timing_Init
 .text.FMC_SDRAM_SendCommand
                0x000000000800b13c       0x7a ./Drivers/STM32F4xx_HAL_Driver/stm32f4xx_ll_fmc.o
                0x000000000800b13c                FMC_SDRAM_SendCommand
 .text.FMC_SDRAM_ProgramRefreshRate
                0x000000000800b1b6       0x2e ./Drivers/STM32F4xx_HAL_Driver/stm32f4xx_ll_fmc.o
                0x000000000800b1b6                FMC_SDRAM_ProgramRefreshRate
 .text.USB_CoreInit
                0x000000000800b1e4       0xc2 ./Drivers/STM32F4xx_HAL_Driver/stm32f4xx_ll_usb.o
                0x000000000800b1e4                USB_CoreInit
 .text.USB_DisableGlobalInt
                0x000000000800b2a6       0x22 ./Drivers/STM32F4xx_HAL_Driver/stm32f4xx_ll_usb.o
                0x000000000800b2a6                USB_DisableGlobalInt
 .text.USB_SetCurrentMode
                0x000000000800b2c8       0x98 ./Drivers/STM32F4xx_HAL_Driver/stm32f4xx_ll_usb.o
                0x000000000800b2c8                USB_SetCurrentMode
 .text.USB_FlushTxFifo
                0x000000000800b360       0x68 ./Drivers/STM32F4xx_HAL_Driver/stm32f4xx_ll_usb.o
                0x000000000800b360                USB_FlushTxFifo
 .text.USB_FlushRxFifo
                0x000000000800b3c8       0x60 ./Drivers/STM32F4xx_HAL_Driver/stm32f4xx_ll_usb.o
                0x000000000800b3c8                USB_FlushRxFifo
 .text.USB_ReadPacket
                0x000000000800b428       0xb0 ./Drivers/STM32F4xx_HAL_Driver/stm32f4xx_ll_usb.o
                0x000000000800b428                USB_ReadPacket
 .text.USB_ReadInterrupts
                0x000000000800b4d8       0x26 ./Drivers/STM32F4xx_HAL_Driver/stm32f4xx_ll_usb.o
                0x000000000800b4d8                USB_ReadInterrupts
 .text.USB_GetMode
                0x000000000800b4fe       0x1c ./Drivers/STM32F4xx_HAL_Driver/stm32f4xx_ll_usb.o
                0x000000000800b4fe                USB_GetMode
 *fill*         0x000000000800b51a        0x2 
 .text.USB_CoreReset
                0x000000000800b51c       0x68 ./Drivers/STM32F4xx_HAL_Driver/stm32f4xx_ll_usb.o
 .text.USB_HostInit
                0x000000000800b584      0x180 ./Drivers/STM32F4xx_HAL_Driver/stm32f4xx_ll_usb.o
                0x000000000800b584                USB_HostInit
 .text.USB_InitFSLSPClkSel
                0x000000000800b704       0x74 ./Drivers/STM32F4xx_HAL_Driver/stm32f4xx_ll_usb.o
                0x000000000800b704                USB_InitFSLSPClkSel
 .text.USB_HC_ReadInterrupt
                0x000000000800b778       0x22 ./Drivers/STM32F4xx_HAL_Driver/stm32f4xx_ll_usb.o
                0x000000000800b778                USB_HC_ReadInterrupt
 .text.USB_HC_Halt
                0x000000000800b79a      0x1f8 ./Drivers/STM32F4xx_HAL_Driver/stm32f4xx_ll_usb.o
                0x000000000800b79a                USB_HC_Halt
 *fill*         0x000000000800b992        0x2 
 .text.__errno  0x000000000800b994        0xc c:/st/stm32cubeide_1.9.0/stm32cubeide/plugins/com.st.stm32cube.ide.mcu.externaltools.gnu-tools-for-stm32.10.3-2021.10.win32_1.0.0.202111181127/tools/bin/../lib/gcc/arm-none-eabi/10.3.1/../../../../arm-none-eabi/lib/thumb/v7e-m+fp/hard\libc_nano.a(lib_a-errno.o)
                0x000000000800b994                __errno
 .text.__libc_init_array
                0x000000000800b9a0       0x48 c:/st/stm32cubeide_1.9.0/stm32cubeide/plugins/com.st.stm32cube.ide.mcu.externaltools.gnu-tools-for-stm32.10.3-2021.10.win32_1.0.0.202111181127/tools/bin/../lib/gcc/arm-none-eabi/10.3.1/../../../../arm-none-eabi/lib/thumb/v7e-m+fp/hard\libc_nano.a(lib_a-init.o)
                0x000000000800b9a0                __libc_init_array
 .text.memset   0x000000000800b9e8       0x10 c:/st/stm32cubeide_1.9.0/stm32cubeide/plugins/com.st.stm32cube.ide.mcu.externaltools.gnu-tools-for-stm32.10.3-2021.10.win32_1.0.0.202111181127/tools/bin/../lib/gcc/arm-none-eabi/10.3.1/../../../../arm-none-eabi/lib/thumb/v7e-m+fp/hard\libc_nano.a(lib_a-memset.o)
                0x000000000800b9e8                memset
 .text.sprintf  0x000000000800b9f8       0x40 c:/st/stm32cubeide_1.9.0/stm32cubeide/plugins/com.st.stm32cube.ide.mcu.externaltools.gnu-tools-for-stm32.10.3-2021.10.win32_1.0.0.202111181127/tools/bin/../lib/gcc/arm-none-eabi/10.3.1/../../../../arm-none-eabi/lib/thumb/v7e-m+fp/hard\libc_nano.a(lib_a-sprintf.o)
                0x000000000800b9f8                siprintf
                0x000000000800b9f8                sprintf
 .text.__ssputs_r
                0x000000000800ba38       0xb6 c:/st/stm32cubeide_1.9.0/stm32cubeide/plugins/com.st.stm32cube.ide.mcu.externaltools.gnu-tools-for-stm32.10.3-2021.10.win32_1.0.0.202111181127/tools/bin/../lib/gcc/arm-none-eabi/10.3.1/../../../../arm-none-eabi/lib/thumb/v7e-m+fp/hard\libc_nano.a(lib_a-nano-svfprintf.o)
                0x000000000800ba38                __ssputs_r
 *fill*         0x000000000800baee        0x2 
 .text._svfprintf_r
                0x000000000800baf0      0x200 c:/st/stm32cubeide_1.9.0/stm32cubeide/plugins/com.st.stm32cube.ide.mcu.externaltools.gnu-tools-for-stm32.10.3-2021.10.win32_1.0.0.202111181127/tools/bin/../lib/gcc/arm-none-eabi/10.3.1/../../../../arm-none-eabi/lib/thumb/v7e-m+fp/hard\libc_nano.a(lib_a-nano-svfprintf.o)
                0x000000000800baf0                _svfiprintf_r
                0x000000000800baf0                _svfprintf_r
 .text._printf_common
                0x000000000800bcf0       0xda c:/st/stm32cubeide_1.9.0/stm32cubeide/plugins/com.st.stm32cube.ide.mcu.externaltools.gnu-tools-for-stm32.10.3-2021.10.win32_1.0.0.202111181127/tools/bin/../lib/gcc/arm-none-eabi/10.3.1/../../../../arm-none-eabi/lib/thumb/v7e-m+fp/hard\libc_nano.a(lib_a-nano-vfprintf_i.o)
                0x000000000800bcf0                _printf_common
 *fill*         0x000000000800bdca        0x2 
 .text._printf_i
                0x000000000800bdcc      0x24c c:/st/stm32cubeide_1.9.0/stm32cubeide/plugins/com.st.stm32cube.ide.mcu.externaltools.gnu-tools-for-stm32.10.3-2021.10.win32_1.0.0.202111181127/tools/bin/../lib/gcc/arm-none-eabi/10.3.1/../../../../arm-none-eabi/lib/thumb/v7e-m+fp/hard\libc_nano.a(lib_a-nano-vfprintf_i.o)
                0x000000000800bdcc                _printf_i
 .text.memcpy   0x000000000800c018       0x1c c:/st/stm32cubeide_1.9.0/stm32cubeide/plugins/com.st.stm32cube.ide.mcu.externaltools.gnu-tools-for-stm32.10.3-2021.10.win32_1.0.0.202111181127/tools/bin/../lib/gcc/arm-none-eabi/10.3.1/../../../../arm-none-eabi/lib/thumb/v7e-m+fp/hard\libc_nano.a(lib_a-memcpy-stub.o)
                0x000000000800c018                memcpy
 .text.memmove  0x000000000800c034       0x34 c:/st/stm32cubeide_1.9.0/stm32cubeide/plugins/com.st.stm32cube.ide.mcu.externaltools.gnu-tools-for-stm32.10.3-2021.10.win32_1.0.0.202111181127/tools/bin/../lib/gcc/arm-none-eabi/10.3.1/../../../../arm-none-eabi/lib/thumb/v7e-m+fp/hard\libc_nano.a(lib_a-memmove.o)
                0x000000000800c034                memmove
 .text._free_r  0x000000000800c068       0x98 c:/st/stm32cubeide_1.9.0/stm32cubeide/plugins/com.st.stm32cube.ide.mcu.externaltools.gnu-tools-for-stm32.10.3-2021.10.win32_1.0.0.202111181127/tools/bin/../lib/gcc/arm-none-eabi/10.3.1/../../../../arm-none-eabi/lib/thumb/v7e-m+fp/hard\libc_nano.a(lib_a-nano-freer.o)
                0x000000000800c068                _free_r
 .text.sbrk_aligned
                0x000000000800c100       0x40 c:/st/stm32cubeide_1.9.0/stm32cubeide/plugins/com.st.stm32cube.ide.mcu.externaltools.gnu-tools-for-stm32.10.3-2021.10.win32_1.0.0.202111181127/tools/bin/../lib/gcc/arm-none-eabi/10.3.1/../../../../arm-none-eabi/lib/thumb/v7e-m+fp/hard\libc_nano.a(lib_a-nano-mallocr.o)
 .text._malloc_r
                0x000000000800c140       0xe8 c:/st/stm32cubeide_1.9.0/stm32cubeide/plugins/com.st.stm32cube.ide.mcu.externaltools.gnu-tools-for-stm32.10.3-2021.10.win32_1.0.0.202111181127/tools/bin/../lib/gcc/arm-none-eabi/10.3.1/../../../../arm-none-eabi/lib/thumb/v7e-m+fp/hard\libc_nano.a(lib_a-nano-mallocr.o)
                0x000000000800c140                _malloc_r
 .text._realloc_r
                0x000000000800c228       0x5e c:/st/stm32cubeide_1.9.0/stm32cubeide/plugins/com.st.stm32cube.ide.mcu.externaltools.gnu-tools-for-stm32.10.3-2021.10.win32_1.0.0.202111181127/tools/bin/../lib/gcc/arm-none-eabi/10.3.1/../../../../arm-none-eabi/lib/thumb/v7e-m+fp/hard\libc_nano.a(lib_a-nano-reallocr.o)
                0x000000000800c228                _realloc_r
 *fill*         0x000000000800c286        0x2 
 .text._sbrk_r  0x000000000800c288       0x20 c:/st/stm32cubeide_1.9.0/stm32cubeide/plugins/com.st.stm32cube.ide.mcu.externaltools.gnu-tools-for-stm32.10.3-2021.10.win32_1.0.0.202111181127/tools/bin/../lib/gcc/arm-none-eabi/10.3.1/../../../../arm-none-eabi/lib/thumb/v7e-m+fp/hard\libc_nano.a(lib_a-sbrkr.o)
                0x000000000800c288                _sbrk_r
 .text.__malloc_lock
                0x000000000800c2a8        0xc c:/st/stm32cubeide_1.9.0/stm32cubeide/plugins/com.st.stm32cube.ide.mcu.externaltools.gnu-tools-for-stm32.10.3-2021.10.win32_1.0.0.202111181127/tools/bin/../lib/gcc/arm-none-eabi/10.3.1/../../../../arm-none-eabi/lib/thumb/v7e-m+fp/hard\libc_nano.a(lib_a-mlock.o)
                0x000000000800c2a8                __malloc_lock
 .text.__malloc_unlock
                0x000000000800c2b4        0xc c:/st/stm32cubeide_1.9.0/stm32cubeide/plugins/com.st.stm32cube.ide.mcu.externaltools.gnu-tools-for-stm32.10.3-2021.10.win32_1.0.0.202111181127/tools/bin/../lib/gcc/arm-none-eabi/10.3.1/../../../../arm-none-eabi/lib/thumb/v7e-m+fp/hard\libc_nano.a(lib_a-mlock.o)
                0x000000000800c2b4                __malloc_unlock
 .text._malloc_usable_size_r
                0x000000000800c2c0       0x10 c:/st/stm32cubeide_1.9.0/stm32cubeide/plugins/com.st.stm32cube.ide.mcu.externaltools.gnu-tools-for-stm32.10.3-2021.10.win32_1.0.0.202111181127/tools/bin/../lib/gcc/arm-none-eabi/10.3.1/../../../../arm-none-eabi/lib/thumb/v7e-m+fp/hard\libc_nano.a(lib_a-nano-msizer.o)
                0x000000000800c2c0                _malloc_usable_size_r
 .text.__retarget_lock_acquire_recursive
                0x000000000800c2d0        0x2 c:/st/stm32cubeide_1.9.0/stm32cubeide/plugins/com.st.stm32cube.ide.mcu.externaltools.gnu-tools-for-stm32.10.3-2021.10.win32_1.0.0.202111181127/tools/bin/../lib/gcc/arm-none-eabi/10.3.1/../../../../arm-none-eabi/lib/thumb/v7e-m+fp/hard\libc_nano.a(lib_a-lock.o)
                0x000000000800c2d0                __retarget_lock_acquire_recursive
 .text.__retarget_lock_release_recursive
                0x000000000800c2d2        0x2 c:/st/stm32cubeide_1.9.0/stm32cubeide/plugins/com.st.stm32cube.ide.mcu.externaltools.gnu-tools-for-stm32.10.3-2021.10.win32_1.0.0.202111181127/tools/bin/../lib/gcc/arm-none-eabi/10.3.1/../../../../arm-none-eabi/lib/thumb/v7e-m+fp/hard\libc_nano.a(lib_a-lock.o)
                0x000000000800c2d2                __retarget_lock_release_recursive
 *(.glue_7)
 .glue_7        0x000000000800c2d4        0x0 linker stubs
 *(.glue_7t)
 .glue_7t       0x000000000800c2d4        0x0 linker stubs
 *(.eh_frame)
 .eh_frame      0x000000000800c2d4        0x0 c:/st/stm32cubeide_1.9.0/stm32cubeide/plugins/com.st.stm32cube.ide.mcu.externaltools.gnu-tools-for-stm32.10.3-2021.10.win32_1.0.0.202111181127/tools/bin/../lib/gcc/arm-none-eabi/10.3.1/thumb/v7e-m+fp/hard/crtbegin.o
 *(.init)
 .init          0x000000000800c2d4        0x4 c:/st/stm32cubeide_1.9.0/stm32cubeide/plugins/com.st.stm32cube.ide.mcu.externaltools.gnu-tools-for-stm32.10.3-2021.10.win32_1.0.0.202111181127/tools/bin/../lib/gcc/arm-none-eabi/10.3.1/thumb/v7e-m+fp/hard/crti.o
                0x000000000800c2d4                _init
 .init          0x000000000800c2d8        0x8 c:/st/stm32cubeide_1.9.0/stm32cubeide/plugins/com.st.stm32cube.ide.mcu.externaltools.gnu-tools-for-stm32.10.3-2021.10.win32_1.0.0.202111181127/tools/bin/../lib/gcc/arm-none-eabi/10.3.1/thumb/v7e-m+fp/hard/crtn.o
 *(.fini)
 .fini          0x000000000800c2e0        0x4 c:/st/stm32cubeide_1.9.0/stm32cubeide/plugins/com.st.stm32cube.ide.mcu.externaltools.gnu-tools-for-stm32.10.3-2021.10.win32_1.0.0.202111181127/tools/bin/../lib/gcc/arm-none-eabi/10.3.1/thumb/v7e-m+fp/hard/crti.o
                0x000000000800c2e0                _fini
 .fini          0x000000000800c2e4        0x8 c:/st/stm32cubeide_1.9.0/stm32cubeide/plugins/com.st.stm32cube.ide.mcu.externaltools.gnu-tools-for-stm32.10.3-2021.10.win32_1.0.0.202111181127/tools/bin/../lib/gcc/arm-none-eabi/10.3.1/thumb/v7e-m+fp/hard/crtn.o
                0x000000000800c2ec                . = ALIGN (0x4)
                0x000000000800c2ec                _etext = .

.vfp11_veneer   0x000000000800c2ec        0x0
 .vfp11_veneer  0x000000000800c2ec        0x0 linker stubs

.v4_bx          0x000000000800c2ec        0x0
 .v4_bx         0x000000000800c2ec        0x0 linker stubs

.iplt           0x000000000800c2ec        0x0
 .iplt          0x000000000800c2ec        0x0 c:/st/stm32cubeide_1.9.0/stm32cubeide/plugins/com.st.stm32cube.ide.mcu.externaltools.gnu-tools-for-stm32.10.3-2021.10.win32_1.0.0.202111181127/tools/bin/../lib/gcc/arm-none-eabi/10.3.1/thumb/v7e-m+fp/hard/crtbegin.o

.rodata         0x000000000800c2ec     0x1c70
                0x000000000800c2ec                . = ALIGN (0x4)
 *(.rodata)
 .rodata        0x000000000800c2ec      0x15f ./Core/Src/main.o
 *(.rodata*)
 *fill*         0x000000000800c44b        0x1 
 .rodata.AHBPrescTable
                0x000000000800c44c       0x10 ./Core/Src/system_stm32f4xx.o
                0x000000000800c44c                AHBPrescTable
 .rodata.APBPrescTable
                0x000000000800c45c        0x8 ./Core/Src/system_stm32f4xx.o
                0x000000000800c45c                APBPrescTable
 .rodata.GPIO_PIN
                0x000000000800c464        0x4 ./Drivers/BSP/STM32F429I-Discovery/stm32f429i_discovery.o
                0x000000000800c464                GPIO_PIN
 .rodata.Font24_Table
                0x000000000800c468     0x1ab8 ./Drivers/BSP/STM32F429I-Discovery/stm32f429i_discovery_lcd.o
                0x000000000800c468                Font24_Table
 .rodata.flagBitshiftOffset.0
                0x000000000800df20        0x8 ./Drivers/STM32F4xx_HAL_Driver/stm32f4xx_hal_dma.o
 .rodata._svfprintf_r.str1.1
                0x000000000800df28       0x11 c:/st/stm32cubeide_1.9.0/stm32cubeide/plugins/com.st.stm32cube.ide.mcu.externaltools.gnu-tools-for-stm32.10.3-2021.10.win32_1.0.0.202111181127/tools/bin/../lib/gcc/arm-none-eabi/10.3.1/../../../../arm-none-eabi/lib/thumb/v7e-m+fp/hard\libc_nano.a(lib_a-nano-svfprintf.o)
 .rodata._printf_i.str1.1
                0x000000000800df39       0x22 c:/st/stm32cubeide_1.9.0/stm32cubeide/plugins/com.st.stm32cube.ide.mcu.externaltools.gnu-tools-for-stm32.10.3-2021.10.win32_1.0.0.202111181127/tools/bin/../lib/gcc/arm-none-eabi/10.3.1/../../../../arm-none-eabi/lib/thumb/v7e-m+fp/hard\libc_nano.a(lib_a-nano-vfprintf_i.o)
                0x000000000800df5c                . = ALIGN (0x4)
 *fill*         0x000000000800df5b        0x1 

.ARM.extab      0x000000000800df5c        0x0
                0x000000000800df5c                . = ALIGN (0x4)
 *(.ARM.extab* .gnu.linkonce.armextab.*)
                0x000000000800df5c                . = ALIGN (0x4)

.ARM            0x000000000800df5c        0x8
                0x000000000800df5c                . = ALIGN (0x4)
                0x000000000800df5c                __exidx_start = .
 *(.ARM.exidx*)
 .ARM.exidx     0x000000000800df5c        0x8 c:/st/stm32cubeide_1.9.0/stm32cubeide/plugins/com.st.stm32cube.ide.mcu.externaltools.gnu-tools-for-stm32.10.3-2021.10.win32_1.0.0.202111181127/tools/bin/../lib/gcc/arm-none-eabi/10.3.1/thumb/v7e-m+fp/hard\libgcc.a(_udivmoddi4.o)
                0x000000000800df64                __exidx_end = .
                0x000000000800df64                . = ALIGN (0x4)

.rel.dyn        0x000000000800df64        0x0
 .rel.iplt      0x000000000800df64        0x0 c:/st/stm32cubeide_1.9.0/stm32cubeide/plugins/com.st.stm32cube.ide.mcu.externaltools.gnu-tools-for-stm32.10.3-2021.10.win32_1.0.0.202111181127/tools/bin/../lib/gcc/arm-none-eabi/10.3.1/thumb/v7e-m+fp/hard/crtbegin.o

.preinit_array  0x000000000800df64        0x0
                0x000000000800df64                . = ALIGN (0x4)
                0x000000000800df64                PROVIDE (__preinit_array_start = .)
 *(.preinit_array*)
                0x000000000800df64                PROVIDE (__preinit_array_end = .)
                0x000000000800df64                . = ALIGN (0x4)

.init_array     0x000000000800df64        0x4
                0x000000000800df64                . = ALIGN (0x4)
                0x000000000800df64                PROVIDE (__init_array_start = .)
 *(SORT_BY_NAME(.init_array.*))
 *(.init_array*)
 .init_array    0x000000000800df64        0x4 c:/st/stm32cubeide_1.9.0/stm32cubeide/plugins/com.st.stm32cube.ide.mcu.externaltools.gnu-tools-for-stm32.10.3-2021.10.win32_1.0.0.202111181127/tools/bin/../lib/gcc/arm-none-eabi/10.3.1/thumb/v7e-m+fp/hard/crtbegin.o
                0x000000000800df68                PROVIDE (__init_array_end = .)
                0x000000000800df68                . = ALIGN (0x4)

.fini_array     0x000000000800df68        0x4
                0x000000000800df68                . = ALIGN (0x4)
                [!provide]                        PROVIDE (__fini_array_start = .)
 *(SORT_BY_NAME(.fini_array.*))
 *(.fini_array*)
 .fini_array    0x000000000800df68        0x4 c:/st/stm32cubeide_1.9.0/stm32cubeide/plugins/com.st.stm32cube.ide.mcu.externaltools.gnu-tools-for-stm32.10.3-2021.10.win32_1.0.0.202111181127/tools/bin/../lib/gcc/arm-none-eabi/10.3.1/thumb/v7e-m+fp/hard/crtbegin.o
                [!provide]                        PROVIDE (__fini_array_end = .)
                0x000000000800df6c                . = ALIGN (0x4)
                0x000000000800df6c                _sidata = LOADADDR (.data)

.data           0x0000000020000000       0xf4 load address 0x000000000800df6c
                0x0000000020000000                . = ALIGN (0x4)
                0x0000000020000000                _sdata = .
 *(.data)
 *(.data*)
 .data.VirtAddVarTab
                0x0000000020000000        0x8 ./Core/Src/main.o
                0x0000000020000000                VirtAddVarTab
 .data.SystemCoreClock
                0x0000000020000008        0x4 ./Core/Src/system_stm32f4xx.o
                0x0000000020000008                SystemCoreClock
 .data.ili9341_drv
                0x000000002000000c       0x38 ./Drivers/BSP/Components/ili9341/ili9341.o
                0x000000002000000c                ili9341_drv
 .data.stmpe811_ts_drv
                0x0000000020000044       0x28 ./Drivers/BSP/Components/stmpe811/stmpe811.o
                0x0000000020000044                stmpe811_ts_drv
 .data.GPIO_PORT
                0x000000002000006c        0x8 ./Drivers/BSP/STM32F429I-Discovery/stm32f429i_discovery.o
                0x000000002000006c                GPIO_PORT
 .data.I2cxTimeout
                0x0000000020000074        0x4 ./Drivers/BSP/STM32F429I-Discovery/stm32f429i_discovery.o
                0x0000000020000074                I2cxTimeout
 .data.SpixTimeout
                0x0000000020000078        0x4 ./Drivers/BSP/STM32F429I-Discovery/stm32f429i_discovery.o
                0x0000000020000078                SpixTimeout
 .data.Font24   0x000000002000007c        0x8 ./Drivers/BSP/STM32F429I-Discovery/stm32f429i_discovery_lcd.o
                0x000000002000007c                Font24
 .data.sdramstatus.2
                0x0000000020000084        0x1 ./Drivers/BSP/STM32F429I-Discovery/stm32f429i_discovery_sdram.o
 *fill*         0x0000000020000085        0x3 
 .data.uwTickPrio
                0x0000000020000088        0x4 ./Drivers/STM32F4xx_HAL_Driver/stm32f4xx_hal.o
                0x0000000020000088                uwTickPrio
 .data.uwTickFreq
                0x000000002000008c        0x1 ./Drivers/STM32F4xx_HAL_Driver/stm32f4xx_hal.o
                0x000000002000008c                uwTickFreq
 *fill*         0x000000002000008d        0x3 
 .data._impure_ptr
                0x0000000020000090        0x4 c:/st/stm32cubeide_1.9.0/stm32cubeide/plugins/com.st.stm32cube.ide.mcu.externaltools.gnu-tools-for-stm32.10.3-2021.10.win32_1.0.0.202111181127/tools/bin/../lib/gcc/arm-none-eabi/10.3.1/../../../../arm-none-eabi/lib/thumb/v7e-m+fp/hard\libc_nano.a(lib_a-impure.o)
                0x0000000020000090                _impure_ptr
 .data.impure_data
                0x0000000020000094       0x60 c:/st/stm32cubeide_1.9.0/stm32cubeide/plugins/com.st.stm32cube.ide.mcu.externaltools.gnu-tools-for-stm32.10.3-2021.10.win32_1.0.0.202111181127/tools/bin/../lib/gcc/arm-none-eabi/10.3.1/../../../../arm-none-eabi/lib/thumb/v7e-m+fp/hard\libc_nano.a(lib_a-impure.o)
 *(.RamFunc)
 *(.RamFunc*)
                0x00000000200000f4                . = ALIGN (0x4)
                0x00000000200000f4                _edata = .
                0x000000000800e060                _siccmram = LOADADDR (.ccmram)

.igot.plt       0x00000000200000f4        0x0 load address 0x000000000800e060
 .igot.plt      0x00000000200000f4        0x0 c:/st/stm32cubeide_1.9.0/stm32cubeide/plugins/com.st.stm32cube.ide.mcu.externaltools.gnu-tools-for-stm32.10.3-2021.10.win32_1.0.0.202111181127/tools/bin/../lib/gcc/arm-none-eabi/10.3.1/thumb/v7e-m+fp/hard/crtbegin.o

.ccmram         0x0000000010000000        0x0 load address 0x000000000800e060
                0x0000000010000000                . = ALIGN (0x4)
                0x0000000010000000                _sccmram = .
 *(.ccmram)
 *(.ccmram*)
                0x0000000010000000                . = ALIGN (0x4)
                0x0000000010000000                _eccmram = .
                0x0000000010000000                . = ALIGN (0x4)

.bss            0x00000000200000f4      0x960
                0x00000000200000f4                _sbss = .
                0x00000000200000f4                __bss_start__ = _sbss
 *(.bss)
 .bss           0x00000000200000f4       0x1c c:/st/stm32cubeide_1.9.0/stm32cubeide/plugins/com.st.stm32cube.ide.mcu.externaltools.gnu-tools-for-stm32.10.3-2021.10.win32_1.0.0.202111181127/tools/bin/../lib/gcc/arm-none-eabi/10.3.1/thumb/v7e-m+fp/hard/crtbegin.o
 *(.bss*)
 .bss.hcrc      0x0000000020000110        0x8 ./Core/Src/crc.o
                0x0000000020000110                hcrc
 .bss.hdma2d    0x0000000020000118       0x40 ./Core/Src/dma2d.o
                0x0000000020000118                hdma2d
 .bss.DataVar   0x0000000020000158        0x2 ./Core/Src/eeprom.o
                0x0000000020000158                DataVar
 *fill*         0x000000002000015a        0x2 
 .bss.hsdram1   0x000000002000015c       0x34 ./Core/Src/fmc.o
                0x000000002000015c                hsdram1
 .bss.FMC_Initialized
                0x0000000020000190        0x4 ./Core/Src/fmc.o
 .bss.hi2c3     0x0000000020000194       0x54 ./Core/Src/i2c.o
                0x0000000020000194                hi2c3
 .bss.hltdc     0x00000000200001e8       0xa8 ./Core/Src/ltdc.o
                0x00000000200001e8                hltdc
 .bss.button0_debounce_time_old
                0x0000000020000290        0x4 ./Core/Src/main.o
                0x0000000020000290                button0_debounce_time_old
 .bss.TS_State  0x0000000020000294        0x8 ./Core/Src/main.o
 .bss.VarDataTab
                0x000000002000029c        0x8 ./Core/Src/main.o
                0x000000002000029c                VarDataTab
 .bss.hspi5     0x00000000200002a4       0x58 ./Core/Src/spi.o
                0x00000000200002a4                hspi5
 .bss.htim6     0x00000000200002fc       0x48 ./Core/Src/stm32f4xx_hal_timebase_tim.o
                0x00000000200002fc                htim6
 .bss.__sbrk_heap_end
                0x0000000020000344        0x4 ./Core/Src/sysmem.o
 .bss.htim1     0x0000000020000348       0x48 ./Core/Src/tim.o
                0x0000000020000348                htim1
 .bss.htim7     0x0000000020000390       0x48 ./Core/Src/tim.o
                0x0000000020000390                htim7
 .bss.huart5    0x00000000200003d8       0x44 ./Core/Src/usart.o
                0x00000000200003d8                huart5
 .bss.huart1    0x000000002000041c       0x44 ./Core/Src/usart.o
                0x000000002000041c                huart1
 .bss.hhcd_USB_OTG_HS
                0x0000000020000460      0x304 ./Core/Src/usb_otg.o
                0x0000000020000460                hhcd_USB_OTG_HS
 .bss.stmpe811  0x0000000020000764        0x2 ./Drivers/BSP/Components/stmpe811/stmpe811.o
                0x0000000020000764                stmpe811
 *fill*         0x0000000020000766        0x2 
 .bss.I2cHandle
                0x0000000020000768       0x54 ./Drivers/BSP/STM32F429I-Discovery/stm32f429i_discovery.o
                0x0000000020000768                I2cHandle
 .bss.SpiHandle
                0x00000000200007bc       0x58 ./Drivers/BSP/STM32F429I-Discovery/stm32f429i_discovery.o
 .bss.Is_LCD_IO_Initialized
                0x0000000020000814        0x1 ./Drivers/BSP/STM32F429I-Discovery/stm32f429i_discovery.o
 *fill*         0x0000000020000815        0x3 
 .bss.LtdcHandler
                0x0000000020000818       0xa8 ./Drivers/BSP/STM32F429I-Discovery/stm32f429i_discovery_lcd.o
                0x0000000020000818                LtdcHandler
 .bss.Dma2dHandler
                0x00000000200008c0       0x40 ./Drivers/BSP/STM32F429I-Discovery/stm32f429i_discovery_lcd.o
 .bss.PeriphClkInitStruct
                0x0000000020000900       0x30 ./Drivers/BSP/STM32F429I-Discovery/stm32f429i_discovery_lcd.o
 .bss.ActiveLayer
                0x0000000020000930        0x4 ./Drivers/BSP/STM32F429I-Discovery/stm32f429i_discovery_lcd.o
 .bss.DrawProp  0x0000000020000934       0x18 ./Drivers/BSP/STM32F429I-Discovery/stm32f429i_discovery_lcd.o
 .bss.LcdDrv    0x000000002000094c        0x4 ./Drivers/BSP/STM32F429I-Discovery/stm32f429i_discovery_lcd.o
                0x000000002000094c                LcdDrv
 .bss.SdramHandle
                0x0000000020000950       0x34 ./Drivers/BSP/STM32F429I-Discovery/stm32f429i_discovery_sdram.o
 .bss.Timing    0x0000000020000984       0x1c ./Drivers/BSP/STM32F429I-Discovery/stm32f429i_discovery_sdram.o
 .bss.Command   0x00000000200009a0       0x10 ./Drivers/BSP/STM32F429I-Discovery/stm32f429i_discovery_sdram.o
 .bss.dmaHandle.1
                0x00000000200009b0       0x60 ./Drivers/BSP/STM32F429I-Discovery/stm32f429i_discovery_sdram.o
 .bss.TsDrv     0x0000000020000a10        0x4 ./Drivers/BSP/STM32F429I-Discovery/stm32f429i_discovery_ts.o
 .bss.TsXBoundary
                0x0000000020000a14        0x2 ./Drivers/BSP/STM32F429I-Discovery/stm32f429i_discovery_ts.o
 .bss.TsYBoundary
                0x0000000020000a16        0x2 ./Drivers/BSP/STM32F429I-Discovery/stm32f429i_discovery_ts.o
 .bss._x.1      0x0000000020000a18        0x4 ./Drivers/BSP/STM32F429I-Discovery/stm32f429i_discovery_ts.o
 .bss._y.0      0x0000000020000a1c        0x4 ./Drivers/BSP/STM32F429I-Discovery/stm32f429i_discovery_ts.o
 .bss.uwTick    0x0000000020000a20        0x4 ./Drivers/STM32F4xx_HAL_Driver/stm32f4xx_hal.o
                0x0000000020000a20                uwTick
 .bss.pFlash    0x0000000020000a24       0x20 ./Drivers/STM32F4xx_HAL_Driver/stm32f4xx_hal_flash.o
                0x0000000020000a24                pFlash
 .bss.__malloc_free_list
                0x0000000020000a44        0x4 c:/st/stm32cubeide_1.9.0/stm32cubeide/plugins/com.st.stm32cube.ide.mcu.externaltools.gnu-tools-for-stm32.10.3-2021.10.win32_1.0.0.202111181127/tools/bin/../lib/gcc/arm-none-eabi/10.3.1/../../../../arm-none-eabi/lib/thumb/v7e-m+fp/hard\libc_nano.a(lib_a-nano-mallocr.o)
                0x0000000020000a44                __malloc_free_list
 .bss.__malloc_sbrk_start
                0x0000000020000a48        0x4 c:/st/stm32cubeide_1.9.0/stm32cubeide/plugins/com.st.stm32cube.ide.mcu.externaltools.gnu-tools-for-stm32.10.3-2021.10.win32_1.0.0.202111181127/tools/bin/../lib/gcc/arm-none-eabi/10.3.1/../../../../arm-none-eabi/lib/thumb/v7e-m+fp/hard\libc_nano.a(lib_a-nano-mallocr.o)
                0x0000000020000a48                __malloc_sbrk_start
 .bss.errno     0x0000000020000a4c        0x4 c:/st/stm32cubeide_1.9.0/stm32cubeide/plugins/com.st.stm32cube.ide.mcu.externaltools.gnu-tools-for-stm32.10.3-2021.10.win32_1.0.0.202111181127/tools/bin/../lib/gcc/arm-none-eabi/10.3.1/../../../../arm-none-eabi/lib/thumb/v7e-m+fp/hard\libc_nano.a(lib_a-reent.o)
                0x0000000020000a4c                errno
 .bss.__lock___malloc_recursive_mutex
                0x0000000020000a50        0x1 c:/st/stm32cubeide_1.9.0/stm32cubeide/plugins/com.st.stm32cube.ide.mcu.externaltools.gnu-tools-for-stm32.10.3-2021.10.win32_1.0.0.202111181127/tools/bin/../lib/gcc/arm-none-eabi/10.3.1/../../../../arm-none-eabi/lib/thumb/v7e-m+fp/hard\libc_nano.a(lib_a-lock.o)
                0x0000000020000a50                __lock___malloc_recursive_mutex
 *(COMMON)
                0x0000000020000a54                . = ALIGN (0x4)
 *fill*         0x0000000020000a51        0x3 
                0x0000000020000a54                _ebss = .
                0x0000000020000a54                __bss_end__ = _ebss

._user_heap_stack
                0x0000000020000a54      0x604
                0x0000000020000a58                . = ALIGN (0x8)
 *fill*         0x0000000020000a54        0x4 
                [!provide]                        PROVIDE (end = .)
                0x0000000020000a58                PROVIDE (_end = .)
                0x0000000020000c58                . = (. + _Min_Heap_Size)
 *fill*         0x0000000020000a58      0x200 
                0x0000000020001058                . = (. + _Min_Stack_Size)
 *fill*         0x0000000020000c58      0x400 
                0x0000000020001058                . = ALIGN (0x8)

/DISCARD/
 libc.a(*)
 libm.a(*)
 libgcc.a(*)

.ARM.attributes
                0x0000000000000000       0x30
 *(.ARM.attributes)
 .ARM.attributes
                0x0000000000000000       0x1e c:/st/stm32cubeide_1.9.0/stm32cubeide/plugins/com.st.stm32cube.ide.mcu.externaltools.gnu-tools-for-stm32.10.3-2021.10.win32_1.0.0.202111181127/tools/bin/../lib/gcc/arm-none-eabi/10.3.1/thumb/v7e-m+fp/hard/crti.o
 .ARM.attributes
                0x000000000000001e       0x34 c:/st/stm32cubeide_1.9.0/stm32cubeide/plugins/com.st.stm32cube.ide.mcu.externaltools.gnu-tools-for-stm32.10.3-2021.10.win32_1.0.0.202111181127/tools/bin/../lib/gcc/arm-none-eabi/10.3.1/thumb/v7e-m+fp/hard/crtbegin.o
 .ARM.attributes
                0x0000000000000052       0x34 ./Core/Src/crc.o
 .ARM.attributes
                0x0000000000000086       0x34 ./Core/Src/dma2d.o
 .ARM.attributes
                0x00000000000000ba       0x34 ./Core/Src/eeprom.o
 .ARM.attributes
                0x00000000000000ee       0x34 ./Core/Src/fmc.o
 .ARM.attributes
                0x0000000000000122       0x34 ./Core/Src/gpio.o
 .ARM.attributes
                0x0000000000000156       0x34 ./Core/Src/i2c.o
 .ARM.attributes
                0x000000000000018a       0x34 ./Core/Src/ltdc.o
 .ARM.attributes
                0x00000000000001be       0x34 ./Core/Src/main.o
 .ARM.attributes
                0x00000000000001f2       0x34 ./Core/Src/spi.o
 .ARM.attributes
                0x0000000000000226       0x34 ./Core/Src/stm32f4xx_hal_msp.o
 .ARM.attributes
                0x000000000000025a       0x34 ./Core/Src/stm32f4xx_hal_timebase_tim.o
 .ARM.attributes
                0x000000000000028e       0x34 ./Core/Src/stm32f4xx_it.o
 .ARM.attributes
                0x00000000000002c2       0x34 ./Core/Src/sysmem.o
 .ARM.attributes
                0x00000000000002f6       0x34 ./Core/Src/system_stm32f4xx.o
 .ARM.attributes
                0x000000000000032a       0x34 ./Core/Src/tim.o
 .ARM.attributes
                0x000000000000035e       0x34 ./Core/Src/usart.o
 .ARM.attributes
                0x0000000000000392       0x34 ./Core/Src/usb_otg.o
 .ARM.attributes
                0x00000000000003c6       0x21 ./Core/Startup/startup_stm32f429zitx.o
 .ARM.attributes
                0x00000000000003e7       0x34 ./Drivers/BSP/Components/ili9341/ili9341.o
 .ARM.attributes
                0x000000000000041b       0x34 ./Drivers/BSP/Components/stmpe811/stmpe811.o
 .ARM.attributes
                0x000000000000044f       0x34 ./Drivers/BSP/STM32F429I-Discovery/stm32f429i_discovery.o
 .ARM.attributes
                0x0000000000000483       0x34 ./Drivers/BSP/STM32F429I-Discovery/stm32f429i_discovery_lcd.o
 .ARM.attributes
                0x00000000000004b7       0x34 ./Drivers/BSP/STM32F429I-Discovery/stm32f429i_discovery_sdram.o
 .ARM.attributes
                0x00000000000004eb       0x34 ./Drivers/BSP/STM32F429I-Discovery/stm32f429i_discovery_ts.o
 .ARM.attributes
                0x000000000000051f       0x34 ./Drivers/STM32F4xx_HAL_Driver/stm32f4xx_hal.o
 .ARM.attributes
                0x0000000000000553       0x34 ./Drivers/STM32F4xx_HAL_Driver/stm32f4xx_hal_cortex.o
 .ARM.attributes
                0x0000000000000587       0x34 ./Drivers/STM32F4xx_HAL_Driver/stm32f4xx_hal_crc.o
 .ARM.attributes
                0x00000000000005bb       0x34 ./Drivers/STM32F4xx_HAL_Driver/stm32f4xx_hal_dma.o
 .ARM.attributes
                0x00000000000005ef       0x34 ./Drivers/STM32F4xx_HAL_Driver/stm32f4xx_hal_dma2d.o
 .ARM.attributes
                0x0000000000000623       0x34 ./Drivers/STM32F4xx_HAL_Driver/stm32f4xx_hal_flash.o
 .ARM.attributes
                0x0000000000000657       0x34 ./Drivers/STM32F4xx_HAL_Driver/stm32f4xx_hal_flash_ex.o
 .ARM.attributes
                0x000000000000068b       0x34 ./Drivers/STM32F4xx_HAL_Driver/stm32f4xx_hal_gpio.o
 .ARM.attributes
                0x00000000000006bf       0x34 ./Drivers/STM32F4xx_HAL_Driver/stm32f4xx_hal_hcd.o
 .ARM.attributes
                0x00000000000006f3       0x34 ./Drivers/STM32F4xx_HAL_Driver/stm32f4xx_hal_i2c.o
 .ARM.attributes
                0x0000000000000727       0x34 ./Drivers/STM32F4xx_HAL_Driver/stm32f4xx_hal_i2c_ex.o
 .ARM.attributes
                0x000000000000075b       0x34 ./Drivers/STM32F4xx_HAL_Driver/stm32f4xx_hal_ltdc.o
 .ARM.attributes
                0x000000000000078f       0x34 ./Drivers/STM32F4xx_HAL_Driver/stm32f4xx_hal_rcc.o
 .ARM.attributes
                0x00000000000007c3       0x34 ./Drivers/STM32F4xx_HAL_Driver/stm32f4xx_hal_rcc_ex.o
 .ARM.attributes
                0x00000000000007f7       0x34 ./Drivers/STM32F4xx_HAL_Driver/stm32f4xx_hal_sdram.o
 .ARM.attributes
                0x000000000000082b       0x34 ./Drivers/STM32F4xx_HAL_Driver/stm32f4xx_hal_spi.o
 .ARM.attributes
                0x000000000000085f       0x34 ./Drivers/STM32F4xx_HAL_Driver/stm32f4xx_hal_tim.o
 .ARM.attributes
                0x0000000000000893       0x34 ./Drivers/STM32F4xx_HAL_Driver/stm32f4xx_hal_tim_ex.o
 .ARM.attributes
                0x00000000000008c7       0x34 ./Drivers/STM32F4xx_HAL_Driver/stm32f4xx_hal_uart.o
 .ARM.attributes
                0x00000000000008fb       0x34 ./Drivers/STM32F4xx_HAL_Driver/stm32f4xx_ll_fmc.o
 .ARM.attributes
                0x000000000000092f       0x34 ./Drivers/STM32F4xx_HAL_Driver/stm32f4xx_ll_usb.o
 .ARM.attributes
                0x0000000000000963       0x34 c:/st/stm32cubeide_1.9.0/stm32cubeide/plugins/com.st.stm32cube.ide.mcu.externaltools.gnu-tools-for-stm32.10.3-2021.10.win32_1.0.0.202111181127/tools/bin/../lib/gcc/arm-none-eabi/10.3.1/../../../../arm-none-eabi/lib/thumb/v7e-m+fp/hard\libc_nano.a(lib_a-errno.o)
 .ARM.attributes
                0x0000000000000997       0x34 c:/st/stm32cubeide_1.9.0/stm32cubeide/plugins/com.st.stm32cube.ide.mcu.externaltools.gnu-tools-for-stm32.10.3-2021.10.win32_1.0.0.202111181127/tools/bin/../lib/gcc/arm-none-eabi/10.3.1/../../../../arm-none-eabi/lib/thumb/v7e-m+fp/hard\libc_nano.a(lib_a-impure.o)
 .ARM.attributes
                0x00000000000009cb       0x34 c:/st/stm32cubeide_1.9.0/stm32cubeide/plugins/com.st.stm32cube.ide.mcu.externaltools.gnu-tools-for-stm32.10.3-2021.10.win32_1.0.0.202111181127/tools/bin/../lib/gcc/arm-none-eabi/10.3.1/../../../../arm-none-eabi/lib/thumb/v7e-m+fp/hard\libc_nano.a(lib_a-init.o)
 .ARM.attributes
                0x00000000000009ff       0x34 c:/st/stm32cubeide_1.9.0/stm32cubeide/plugins/com.st.stm32cube.ide.mcu.externaltools.gnu-tools-for-stm32.10.3-2021.10.win32_1.0.0.202111181127/tools/bin/../lib/gcc/arm-none-eabi/10.3.1/../../../../arm-none-eabi/lib/thumb/v7e-m+fp/hard\libc_nano.a(lib_a-memset.o)
 .ARM.attributes
                0x0000000000000a33       0x34 c:/st/stm32cubeide_1.9.0/stm32cubeide/plugins/com.st.stm32cube.ide.mcu.externaltools.gnu-tools-for-stm32.10.3-2021.10.win32_1.0.0.202111181127/tools/bin/../lib/gcc/arm-none-eabi/10.3.1/../../../../arm-none-eabi/lib/thumb/v7e-m+fp/hard\libc_nano.a(lib_a-sprintf.o)
 .ARM.attributes