C:/Users/Sam/STM32CubeIDE/workspace2/EEPROM_Emulation/Drivers/BSP/STM32F429I-Discovery/stm32f429i_discovery.c:615:13:SPIx_Init	40	static
C:/Users/Sam/STM32CubeIDE/workspace2/EEPROM_Emulation/Drivers/BSP/STM32F429I-Discovery/stm32f429i_discovery.c:674:13:SPIx_Write	16	static
C:/Users/Sam/STM32CubeIDE/workspace2/EEPROM_Emulation/Drivers/BSP/STM32F429I-Discovery/stm32f429i_discovery.c:403:13:I2Cx_Init	48	static
C:/Users/Sam/STM32CubeIDE/workspace2/EEPROM_Emulation/Drivers/BSP/STM32F429I-Discovery/stm32f429i_discovery.c:601:13:I2Cx_Error	8	static
C:/Users/Sam/STM32CubeIDE/workspace2/EEPROM_Emulation/Drivers/BSP/STM32F429I-Discovery/stm32f429i_discovery.c:694:16:SPIx_WriteRead	32	static
C:/Users/Sam/STM32CubeIDE/workspace2/EEPROM_Emulation/Drivers/BSP/STM32F429I-Discovery/stm32f429i_discovery.c:161:10:BSP_GetVersion	0	static
C:/Users/Sam/STM32CubeIDE/workspace2/EEPROM_Emulation/Drivers/BSP/STM32F429I-Discovery/stm32f429i_discovery.c:173:6:BSP_LED_Init	48	static
C:/Users/Sam/STM32CubeIDE/workspace2/EEPROM_Emulation/Drivers/BSP/STM32F429I-Discovery/stm32f429i_discovery.c:198:6:BSP_LED_On	0	static
C:/Users/Sam/STM32CubeIDE/workspace2/EEPROM_Emulation/Drivers/BSP/STM32F429I-Discovery/stm32f429i_discovery.c:210:6:BSP_LED_Off	0	static
C:/Users/Sam/STM32CubeIDE/workspace2/EEPROM_Emulation/Drivers/BSP/STM32F429I-Discovery/stm32f429i_discovery.c:222:6:BSP_LED_Toggle	0	static
C:/Users/Sam/STM32CubeIDE/workspace2/EEPROM_Emulation/Drivers/BSP/STM32F429I-Discovery/stm32f429i_discovery.c:237:6:BSP_PB_Init	32	static
C:/Users/Sam/STM32CubeIDE/workspace2/EEPROM_Emulation/Drivers/BSP/STM32F429I-Discovery/stm32f429i_discovery.c:274:10:BSP_PB_GetState	8	static
C:/Users/Sam/STM32CubeIDE/workspace2/EEPROM_Emulation/Drivers/BSP/STM32F429I-Discovery/stm32f429i_discovery.c:748:6:LCD_IO_Init	56	static
C:/Users/Sam/STM32CubeIDE/workspace2/EEPROM_Emulation/Drivers/BSP/STM32F429I-Discovery/stm32f429i_discovery.c:792:6:LCD_IO_WriteData	16	static
C:/Users/Sam/STM32CubeIDE/workspace2/EEPROM_Emulation/Drivers/BSP/STM32F429I-Discovery/stm32f429i_discovery.c:808:6:LCD_IO_WriteReg	16	static
C:/Users/Sam/STM32CubeIDE/workspace2/EEPROM_Emulation/Drivers/BSP/STM32F429I-Discovery/stm32f429i_discovery.c:827:10:LCD_IO_ReadData	24	static
C:/Users/Sam/STM32CubeIDE/workspace2/EEPROM_Emulation/Drivers/BSP/STM32F429I-Discovery/stm32f429i_discovery.c:854:6:LCD_Delay	0	static
C:/Users/Sam/STM32CubeIDE/workspace2/EEPROM_Emulation/Drivers/BSP/STM32F429I-Discovery/stm32f429i_discovery.c:868:6:IOE_Init	0	static
C:/Users/Sam/STM32CubeIDE/workspace2/EEPROM_Emulation/Drivers/BSP/STM32F429I-Discovery/stm32f429i_discovery.c:876:6:IOE_ITConfig	32	static
C:/Users/Sam/STM32CubeIDE/workspace2/EEPROM_Emulation/Drivers/BSP/STM32F429I-Discovery/stm32f429i_discovery.c:887:6:IOE_Write	32	static
C:/Users/Sam/STM32CubeIDE/workspace2/EEPROM_Emulation/Drivers/BSP/STM32F429I-Discovery/stm32f429i_discovery.c:898:9:IOE_Read	32	static
C:/Users/Sam/STM32CubeIDE/workspace2/EEPROM_Emulation/Drivers/BSP/STM32F429I-Discovery/stm32f429i_discovery.c:910:6:IOE_WriteMultiple	24	static
C:/Users/Sam/STM32CubeIDE/workspace2/EEPROM_Emulation/Drivers/BSP/STM32F429I-Discovery/stm32f429i_discovery.c:923:10:IOE_ReadMultiple	24	static
C:/Users/Sam/STM32CubeIDE/workspace2/EEPROM_Emulation/Drivers/BSP/STM32F429I-Discovery/stm32f429i_discovery.c:932:6:IOE_Delay	0	static
C:/Users/Sam/STM32CubeIDE/workspace2/EEPROM_Emulation/Drivers/BSP/STM32F429I-Discovery/stm32f429i_discovery.c:942:6:GYRO_IO_Init	56	static
C:/Users/Sam/STM32CubeIDE/workspace2/EEPROM_Emulation/Drivers/BSP/STM32F429I-Discovery/stm32f429i_discovery.c:975:6:GYRO_IO_Write	16	static
C:/Users/Sam/STM32CubeIDE/workspace2/EEPROM_Emulation/Drivers/BSP/STM32F429I-Discovery/stm32f429i_discovery.c:1009:6:GYRO_IO_Read	16	static
