Archive member included to satisfy reference by file (symbol)

c:/st/stm32cubeide_1.9.0/stm32cubeide/plugins/com.st.stm32cube.ide.mcu.externaltools.gnu-tools-for-stm32.10.3-2021.10.win32_1.0.0.202111181127/tools/bin/../lib/gcc/arm-none-eabi/10.3.1/../../../../arm-none-eabi/lib/thumb/v7e-m+fp/hard\libc_nano.a(lib_a-exit.o)
                              c:/st/stm32cubeide_1.9.0/stm32cubeide/plugins/com.st.stm32cube.ide.mcu.externaltools.gnu-tools-for-stm32.10.3-2021.10.win32_1.0.0.202111181127/tools/bin/../lib/gcc/arm-none-eabi/10.3.1/../../../../arm-none-eabi/lib/thumb/v7e-m+fp/hard/crt0.o (exit)
c:/st/stm32cubeide_1.9.0/stm32cubeide/plugins/com.st.stm32cube.ide.mcu.externaltools.gnu-tools-for-stm32.10.3-2021.10.win32_1.0.0.202111181127/tools/bin/../lib/gcc/arm-none-eabi/10.3.1/../../../../arm-none-eabi/lib/thumb/v7e-m+fp/hard\libc_nano.a(lib_a-impure.o)
                              c:/st/stm32cubeide_1.9.0/stm32cubeide/plugins/com.st.stm32cube.ide.mcu.externaltools.gnu-tools-for-stm32.10.3-2021.10.win32_1.0.0.202111181127/tools/bin/../lib/gcc/arm-none-eabi/10.3.1/../../../../arm-none-eabi/lib/thumb/v7e-m+fp/hard\libc_nano.a(lib_a-exit.o) (_global_impure_ptr)
c:/st/stm32cubeide_1.9.0/stm32cubeide/plugins/com.st.stm32cube.ide.mcu.externaltools.gnu-tools-for-stm32.10.3-2021.10.win32_1.0.0.202111181127/tools/bin/../lib/gcc/arm-none-eabi/10.3.1/../../../../arm-none-eabi/lib/thumb/v7e-m+fp/hard\libc_nano.a(lib_a-init.o)
                              c:/st/stm32cubeide_1.9.0/stm32cubeide/plugins/com.st.stm32cube.ide.mcu.externaltools.gnu-tools-for-stm32.10.3-2021.10.win32_1.0.0.202111181127/tools/bin/../lib/gcc/arm-none-eabi/10.3.1/../../../../arm-none-eabi/lib/thumb/v7e-m+fp/hard/crt0.o (__libc_init_array)
c:/st/stm32cubeide_1.9.0/stm32cubeide/plugins/com.st.stm32cube.ide.mcu.externaltools.gnu-tools-for-stm32.10.3-2021.10.win32_1.0.0.202111181127/tools/bin/../lib/gcc/arm-none-eabi/10.3.1/../../../../arm-none-eabi/lib/thumb/v7e-m+fp/hard\libc_nano.a(lib_a-memset.o)
                              c:/st/stm32cubeide_1.9.0/stm32cubeide/plugins/com.st.stm32cube.ide.mcu.externaltools.gnu-tools-for-stm32.10.3-2021.10.win32_1.0.0.202111181127/tools/bin/../lib/gcc/arm-none-eabi/10.3.1/../../../../arm-none-eabi/lib/thumb/v7e-m+fp/hard/crt0.o (memset)
c:/st/stm32cubeide_1.9.0/stm32cubeide/plugins/com.st.stm32cube.ide.mcu.externaltools.gnu-tools-for-stm32.10.3-2021.10.win32_1.0.0.202111181127/tools/bin/../lib/gcc/arm-none-eabi/10.3.1/thumb/v7e-m+fp/hard\libgcc.a(_aeabi_ldivmod.o)
                              ./Drivers/STM32F4xx_HAL_Driver/stm32f4xx_hal_rcc.o (__aeabi_ldivmod)
c:/st/stm32cubeide_1.9.0/stm32cubeide/plugins/com.st.stm32cube.ide.mcu.externaltools.gnu-tools-for-stm32.10.3-2021.10.win32_1.0.0.202111181127/tools/bin/../lib/gcc/arm-none-eabi/10.3.1/thumb/v7e-m+fp/hard\libgcc.a(_aeabi_uldivmod.o)
                              ./Drivers/STM32F4xx_HAL_Driver/stm32f4xx_hal_rcc.o (__aeabi_uldivmod)
c:/st/stm32cubeide_1.9.0/stm32cubeide/plugins/com.st.stm32cube.ide.mcu.externaltools.gnu-tools-for-stm32.10.3-2021.10.win32_1.0.0.202111181127/tools/bin/../lib/gcc/arm-none-eabi/10.3.1/thumb/v7e-m+fp/hard\libgcc.a(_udivmoddi4.o)
                              c:/st/stm32cubeide_1.9.0/stm32cubeide/plugins/com.st.stm32cube.ide.mcu.externaltools.gnu-tools-for-stm32.10.3-2021.10.win32_1.0.0.202111181127/tools/bin/../lib/gcc/arm-none-eabi/10.3.1/thumb/v7e-m+fp/hard\libgcc.a(_aeabi_ldivmod.o) (__udivmoddi4)
c:/st/stm32cubeide_1.9.0/stm32cubeide/plugins/com.st.stm32cube.ide.mcu.externaltools.gnu-tools-for-stm32.10.3-2021.10.win32_1.0.0.202111181127/tools/bin/../lib/gcc/arm-none-eabi/10.3.1/thumb/v7e-m+fp/hard\libgcc.a(_dvmd_tls.o)
                              c:/st/stm32cubeide_1.9.0/stm32cubeide/plugins/com.st.stm32cube.ide.mcu.externaltools.gnu-tools-for-stm32.10.3-2021.10.win32_1.0.0.202111181127/tools/bin/../lib/gcc/arm-none-eabi/10.3.1/thumb/v7e-m+fp/hard\libgcc.a(_aeabi_ldivmod.o) (__aeabi_ldiv0)
c:/st/stm32cubeide_1.9.0/stm32cubeide/plugins/com.st.stm32cube.ide.mcu.externaltools.gnu-tools-for-stm32.10.3-2021.10.win32_1.0.0.202111181127/tools/bin/../lib/gcc/arm-none-eabi/10.3.1/../../../../arm-none-eabi/lib/thumb/v7e-m+fp/hard\libnosys.a(_exit.o)
                              c:/st/stm32cubeide_1.9.0/stm32cubeide/plugins/com.st.stm32cube.ide.mcu.externaltools.gnu-tools-for-stm32.10.3-2021.10.win32_1.0.0.202111181127/tools/bin/../lib/gcc/arm-none-eabi/10.3.1/../../../../arm-none-eabi/lib/thumb/v7e-m+fp/hard\libc_nano.a(lib_a-exit.o) (_exit)

Discarded input sections

 .text          0x0000000000000000        0x0 c:/st/stm32cubeide_1.9.0/stm32cubeide/plugins/com.st.stm32cube.ide.mcu.externaltools.gnu-tools-for-stm32.10.3-2021.10.win32_1.0.0.202111181127/tools/bin/../lib/gcc/arm-none-eabi/10.3.1/thumb/v7e-m+fp/hard/crti.o
[...]
Memory Configuration

Name             Origin             Length             Attributes
FLASH            0x0000000008000000 0x0000000000200000 xr
RAM              0x0000000020000000 0x0000000000030000 xrw
CCMRAM           0x0000000010000000 0x0000000000010000 rw
*default*        0x0000000000000000 0xffffffffffffffff

Linker script and memory map

LOAD c:/st/stm32cubeide_1.9.0/stm32cubeide/plugins/com.st.stm32cube.ide.mcu.externaltools.gnu-tools-for-stm32.10.3-2021.10.win32_1.0.0.202111181127/tools/bin/../lib/gcc/arm-none-eabi/10.3.1/thumb/v7e-m+fp/hard/crti.o
LOAD c:/st/stm32cubeide_1.9.0/stm32cubeide/plugins/com.st.stm32cube.ide.mcu.externaltools.gnu-tools-for-stm32.10.3-2021.10.win32_1.0.0.202111181127/tools/bin/../lib/gcc/arm-none-eabi/10.3.1/thumb/v7e-m+fp/hard/crtbegin.o
LOAD c:/st/stm32cubeide_1.9.0/stm32cubeide/plugins/com.st.stm32cube.ide.mcu.externaltools.gnu-tools-for-stm32.10.3-2021.10.win32_1.0.0.202111181127/tools/bin/../lib/gcc/arm-none-eabi/10.3.1/../../../../arm-none-eabi/lib/thumb/v7e-m+fp/hard/crt0.o
LOAD ./Application/SW4STM32/startup_stm32f429xx.o
LOAD ./Application/User/eeprom.o
LOAD ./Application/User/main.o
LOAD ./Application/User/stm32f4xx_it.o
LOAD ./Drivers/BSP/STM32F429I-Discovery/stm32f429i_discovery.o
LOAD ./Drivers/CMSIS/system_stm32f4xx.o
LOAD ./Drivers/STM32F4xx_HAL_Driver/stm32f4xx_hal.o
LOAD ./Drivers/STM32F4xx_HAL_Driver/stm32f4xx_hal_cortex.o
LOAD ./Drivers/STM32F4xx_HAL_Driver/stm32f4xx_hal_dma.o
LOAD ./Drivers/STM32F4xx_HAL_Driver/stm32f4xx_hal_flash.o
LOAD ./Drivers/STM32F4xx_HAL_Driver/stm32f4xx_hal_flash_ex.o
LOAD ./Drivers/STM32F4xx_HAL_Driver/stm32f4xx_hal_gpio.o
LOAD ./Drivers/STM32F4xx_HAL_Driver/stm32f4xx_hal_i2c.o
LOAD ./Drivers/STM32F4xx_HAL_Driver/stm32f4xx_hal_i2c_ex.o
LOAD ./Drivers/STM32F4xx_HAL_Driver/stm32f4xx_hal_pwr.o
LOAD ./Drivers/STM32F4xx_HAL_Driver/stm32f4xx_hal_pwr_ex.o
LOAD ./Drivers/STM32F4xx_HAL_Driver/stm32f4xx_hal_rcc.o
LOAD ./Drivers/STM32F4xx_HAL_Driver/stm32f4xx_hal_rcc_ex.o
LOAD ./Drivers/STM32F4xx_HAL_Driver/stm32f4xx_hal_spi.o
START GROUP
LOAD c:/st/stm32cubeide_1.9.0/stm32cubeide/plugins/com.st.stm32cube.ide.mcu.externaltools.gnu-tools-for-stm32.10.3-2021.10.win32_1.0.0.202111181127/tools/bin/../lib/gcc/arm-none-eabi/10.3.1/../../../../arm-none-eabi/lib/thumb/v7e-m+fp/hard\libc_nano.a
LOAD c:/st/stm32cubeide_1.9.0/stm32cubeide/plugins/com.st.stm32cube.ide.mcu.externaltools.gnu-tools-for-stm32.10.3-2021.10.win32_1.0.0.202111181127/tools/bin/../lib/gcc/arm-none-eabi/10.3.1/../../../../arm-none-eabi/lib/thumb/v7e-m+fp/hard\libm.a
END GROUP
START GROUP
LOAD c:/st/stm32cubeide_1.9.0/stm32cubeide/plugins/com.st.stm32cube.ide.mcu.externaltools.gnu-tools-for-stm32.10.3-2021.10.win32_1.0.0.202111181127/tools/bin/../lib/gcc/arm-none-eabi/10.3.1/thumb/v7e-m+fp/hard\libgcc.a
LOAD c:/st/stm32cubeide_1.9.0/stm32cubeide/plugins/com.st.stm32cube.ide.mcu.externaltools.gnu-tools-for-stm32.10.3-2021.10.win32_1.0.0.202111181127/tools/bin/../lib/gcc/arm-none-eabi/10.3.1/../../../../arm-none-eabi/lib/thumb/v7e-m+fp/hard\libc_nano.a
END GROUP
START GROUP
LOAD c:/st/stm32cubeide_1.9.0/stm32cubeide/plugins/com.st.stm32cube.ide.mcu.externaltools.gnu-tools-for-stm32.10.3-2021.10.win32_1.0.0.202111181127/tools/bin/../lib/gcc/arm-none-eabi/10.3.1/thumb/v7e-m+fp/hard\libgcc.a
LOAD c:/st/stm32cubeide_1.9.0/stm32cubeide/plugins/com.st.stm32cube.ide.mcu.externaltools.gnu-tools-for-stm32.10.3-2021.10.win32_1.0.0.202111181127/tools/bin/../lib/gcc/arm-none-eabi/10.3.1/../../../../arm-none-eabi/lib/thumb/v7e-m+fp/hard\libc_nano.a
LOAD c:/st/stm32cubeide_1.9.0/stm32cubeide/plugins/com.st.stm32cube.ide.mcu.externaltools.gnu-tools-for-stm32.10.3-2021.10.win32_1.0.0.202111181127/tools/bin/../lib/gcc/arm-none-eabi/10.3.1/../../../../arm-none-eabi/lib/thumb/v7e-m+fp/hard\libnosys.a
END GROUP
START GROUP
LOAD c:/st/stm32cubeide_1.9.0/stm32cubeide/plugins/com.st.stm32cube.ide.mcu.externaltools.gnu-tools-for-stm32.10.3-2021.10.win32_1.0.0.202111181127/tools/bin/../lib/gcc/arm-none-eabi/10.3.1/thumb/v7e-m+fp/hard\libgcc.a
LOAD c:/st/stm32cubeide_1.9.0/stm32cubeide/plugins/com.st.stm32cube.ide.mcu.externaltools.gnu-tools-for-stm32.10.3-2021.10.win32_1.0.0.202111181127/tools/bin/../lib/gcc/arm-none-eabi/10.3.1/../../../../arm-none-eabi/lib/thumb/v7e-m+fp/hard\libc_nano.a
LOAD c:/st/stm32cubeide_1.9.0/stm32cubeide/plugins/com.st.stm32cube.ide.mcu.externaltools.gnu-tools-for-stm32.10.3-2021.10.win32_1.0.0.202111181127/tools/bin/../lib/gcc/arm-none-eabi/10.3.1/../../../../arm-none-eabi/lib/thumb/v7e-m+fp/hard\libnosys.a
END GROUP
LOAD c:/st/stm32cubeide_1.9.0/stm32cubeide/plugins/com.st.stm32cube.ide.mcu.externaltools.gnu-tools-for-stm32.10.3-2021.10.win32_1.0.0.202111181127/tools/bin/../lib/gcc/arm-none-eabi/10.3.1/thumb/v7e-m+fp/hard/crtend.o
LOAD c:/st/stm32cubeide_1.9.0/stm32cubeide/plugins/com.st.stm32cube.ide.mcu.externaltools.gnu-tools-for-stm32.10.3-2021.10.win32_1.0.0.202111181127/tools/bin/../lib/gcc/arm-none-eabi/10.3.1/thumb/v7e-m+fp/hard/crtn.o
                0x0000000020030000                _estack = 0x20030000
                0x0000000000000200                _Min_Heap_Size = 0x200
                0x0000000000000400                _Min_Stack_Size = 0x400

.isr_vector     0x0000000008000000      0x1ac
                0x0000000008000000                . = ALIGN (0x4)
 *(.isr_vector)
 .isr_vector    0x0000000008000000      0x1ac ./Application/SW4STM32/startup_stm32f429xx.o
                0x0000000008000000                g_pfnVectors
                0x00000000080001ac                . = ALIGN (0x4)

.text           0x00000000080001ac     0x174c
                0x00000000080001ac                . = ALIGN (0x4)
 *(.text)
 .text          0x00000000080001ac       0x40 c:/st/stm32cubeide_1.9.0/stm32cubeide/plugins/com.st.stm32cube.ide.mcu.externaltools.gnu-tools-for-stm32.10.3-2021.10.win32_1.0.0.202111181127/tools/bin/../lib/gcc/arm-none-eabi/10.3.1/thumb/v7e-m+fp/hard/crtbegin.o
 .text          0x00000000080001ec       0x30 c:/st/stm32cubeide_1.9.0/stm32cubeide/plugins/com.st.stm32cube.ide.mcu.externaltools.gnu-tools-for-stm32.10.3-2021.10.win32_1.0.0.202111181127/tools/bin/../lib/gcc/arm-none-eabi/10.3.1/thumb/v7e-m+fp/hard\libgcc.a(_aeabi_uldivmod.o)
                0x00000000080001ec                __aeabi_uldivmod
 .text          0x000000000800021c      0x2d0 c:/st/stm32cubeide_1.9.0/stm32cubeide/plugins/com.st.stm32cube.ide.mcu.externaltools.gnu-tools-for-stm32.10.3-2021.10.win32_1.0.0.202111181127/tools/bin/../lib/gcc/arm-none-eabi/10.3.1/thumb/v7e-m+fp/hard\libgcc.a(_udivmoddi4.o)
                0x000000000800021c                __udivmoddi4
 .text          0x00000000080004ec        0x4 c:/st/stm32cubeide_1.9.0/stm32cubeide/plugins/com.st.stm32cube.ide.mcu.externaltools.gnu-tools-for-stm32.10.3-2021.10.win32_1.0.0.202111181127/tools/bin/../lib/gcc/arm-none-eabi/10.3.1/thumb/v7e-m+fp/hard\libgcc.a(_dvmd_tls.o)
                0x00000000080004ec                __aeabi_idiv0
                0x00000000080004ec                __aeabi_ldiv0
 *(.text*)
 .text.Reset_Handler
                0x00000000080004f0       0x50 ./Application/SW4STM32/startup_stm32f429xx.o
                0x00000000080004f0                Reset_Handler
 .text.Default_Handler
                0x0000000008000540        0x2 ./Application/SW4STM32/startup_stm32f429xx.o
                0x0000000008000540                RTC_Alarm_IRQHandler
                0x0000000008000540                HASH_RNG_IRQHandler
                0x0000000008000540                EXTI2_IRQHandler
                0x0000000008000540                TIM8_CC_IRQHandler
                0x0000000008000540                UART8_IRQHandler
                0x0000000008000540                SPI4_IRQHandler
                0x0000000008000540                TIM1_CC_IRQHandler
                0x0000000008000540                DMA2_Stream5_IRQHandler
                0x0000000008000540                DMA1_Stream5_IRQHandler
                0x0000000008000540                PVD_IRQHandler
                0x0000000008000540                SDIO_IRQHandler
                0x0000000008000540                TAMP_STAMP_IRQHandler
                0x0000000008000540                CAN2_RX1_IRQHandler
                0x0000000008000540                EXTI3_IRQHandler
                0x0000000008000540                TIM8_TRG_COM_TIM14_IRQHandler
                0x0000000008000540                TIM1_UP_TIM10_IRQHandler
                0x0000000008000540                TIM8_UP_TIM13_IRQHandler
                0x0000000008000540                I2C3_ER_IRQHandler
                0x0000000008000540                EXTI0_IRQHandler
                0x0000000008000540                I2C2_EV_IRQHandler
                0x0000000008000540                DMA1_Stream2_IRQHandler
                0x0000000008000540                CAN1_RX0_IRQHandler
                0x0000000008000540                FPU_IRQHandler
                0x0000000008000540                OTG_HS_WKUP_IRQHandler
                0x0000000008000540                LTDC_ER_IRQHandler
                0x0000000008000540                CAN2_SCE_IRQHandler
                0x0000000008000540                DMA2_Stream2_IRQHandler
                0x0000000008000540                SPI1_IRQHandler
                0x0000000008000540                TIM6_DAC_IRQHandler
                0x0000000008000540                TIM1_BRK_TIM9_IRQHandler
                0x0000000008000540                DCMI_IRQHandler
                0x0000000008000540                CAN2_RX0_IRQHandler
                0x0000000008000540                DMA2_Stream3_IRQHandler
                0x0000000008000540                USART6_IRQHandler
                0x0000000008000540                USART3_IRQHandler
                0x0000000008000540                CAN1_RX1_IRQHandler
                0x0000000008000540                UART5_IRQHandler
                0x0000000008000540                DMA2_Stream0_IRQHandler
                0x0000000008000540                TIM4_IRQHandler
                0x0000000008000540                I2C1_EV_IRQHandler
                0x0000000008000540                DMA1_Stream6_IRQHandler
                0x0000000008000540                DMA1_Stream1_IRQHandler
                0x0000000008000540                UART4_IRQHandler
                0x0000000008000540                TIM3_IRQHandler
                0x0000000008000540                RCC_IRQHandler
                0x0000000008000540                TIM8_BRK_TIM12_IRQHandler
                0x0000000008000540                Default_Handler
                0x0000000008000540                EXTI15_10_IRQHandler
                0x0000000008000540                ADC_IRQHandler
                0x0000000008000540                DMA1_Stream7_IRQHandler
                0x0000000008000540                SPI5_IRQHandler
                0x0000000008000540                TIM7_IRQHandler
                0x0000000008000540                CAN2_TX_IRQHandler
                0x0000000008000540                TIM5_IRQHandler
                0x0000000008000540                DMA2_Stream7_IRQHandler
                0x0000000008000540                I2C3_EV_IRQHandler
                0x0000000008000540                EXTI9_5_IRQHandler
                0x0000000008000540                RTC_WKUP_IRQHandler
                0x0000000008000540                LTDC_IRQHandler
                0x0000000008000540                ETH_WKUP_IRQHandler
                0x0000000008000540                SPI2_IRQHandler
                0x0000000008000540                OTG_HS_EP1_IN_IRQHandler
                0x0000000008000540                DMA1_Stream0_IRQHandler
                0x0000000008000540                CAN1_TX_IRQHandler
                0x0000000008000540                EXTI4_IRQHandler
                0x0000000008000540                ETH_IRQHandler
                0x0000000008000540                OTG_HS_EP1_OUT_IRQHandler
                0x0000000008000540                WWDG_IRQHandler
                0x0000000008000540                SPI6_IRQHandler
                0x0000000008000540                TIM2_IRQHandler
                0x0000000008000540                OTG_FS_WKUP_IRQHandler
                0x0000000008000540                TIM1_TRG_COM_TIM11_IRQHandler
                0x0000000008000540                OTG_HS_IRQHandler
                0x0000000008000540                DMA2D_IRQHandler
                0x0000000008000540                EXTI1_IRQHandler
                0x0000000008000540                UART7_IRQHandler
                0x0000000008000540                USART2_IRQHandler
                0x0000000008000540                I2C2_ER_IRQHandler
                0x0000000008000540                DMA2_Stream1_IRQHandler
                0x0000000008000540                CAN1_SCE_IRQHandler
                0x0000000008000540                FLASH_IRQHandler
                0x0000000008000540                DMA2_Stream4_IRQHandler
                0x0000000008000540                USART1_IRQHandler
                0x0000000008000540                OTG_FS_IRQHandler
                0x0000000008000540                SPI3_IRQHandler
                0x0000000008000540                DMA1_Stream4_IRQHandler
                0x0000000008000540                I2C1_ER_IRQHandler
                0x0000000008000540                FMC_IRQHandler
                0x0000000008000540                DMA2_Stream6_IRQHandler
                0x0000000008000540                SAI1_IRQHandler
                0x0000000008000540                DMA1_Stream3_IRQHandler
 *fill*         0x0000000008000542        0x2 
 .text.EE_VerifyPageFullyErased
                0x0000000008000544       0x24 ./Application/User/eeprom.o
 .text.EE_VerifyPageFullWriteVariable
                0x0000000008000568       0x7c ./Application/User/eeprom.o
 .text.EE_Format
                0x00000000080005e4       0x60 ./Application/User/eeprom.o
 .text.EE_ReadVariable
                0x0000000008000644       0x58 ./Application/User/eeprom.o
                0x0000000008000644                EE_ReadVariable
 .text.EE_Init  0x000000000800069c      0x188 ./Application/User/eeprom.o
                0x000000000800069c                EE_Init
 .text.EE_WriteVariable
                0x0000000008000824       0xd0 ./Application/User/eeprom.o
                0x0000000008000824                EE_WriteVariable
 .text.Error_Handler
                0x00000000080008f4       0x10 ./Application/User/main.o
 .text.startup.main
                0x0000000008000904      0x238 ./Application/User/main.o
                0x0000000008000904                main
 .text.NMI_Handler
                0x0000000008000b3c        0x2 ./Application/User/stm32f4xx_it.o
                0x0000000008000b3c                NMI_Handler
 .text.HardFault_Handler
                0x0000000008000b3e        0x2 ./Application/User/stm32f4xx_it.o
                0x0000000008000b3e                HardFault_Handler
 .text.MemManage_Handler
                0x0000000008000b40        0x2 ./Application/User/stm32f4xx_it.o
                0x0000000008000b40                MemManage_Handler
 .text.BusFault_Handler
                0x0000000008000b42        0x2 ./Application/User/stm32f4xx_it.o
                0x0000000008000b42                BusFault_Handler
 .text.UsageFault_Handler
                0x0000000008000b44        0x2 ./Application/User/stm32f4xx_it.o
                0x0000000008000b44                UsageFault_Handler
 .text.SVC_Handler
                0x0000000008000b46        0x2 ./Application/User/stm32f4xx_it.o
                0x0000000008000b46                SVC_Handler
 .text.DebugMon_Handler
                0x0000000008000b48        0x2 ./Application/User/stm32f4xx_it.o
                0x0000000008000b48                DebugMon_Handler
 .text.PendSV_Handler
                0x0000000008000b4a        0x2 ./Application/User/stm32f4xx_it.o
                0x0000000008000b4a                PendSV_Handler
 .text.SysTick_Handler
                0x0000000008000b4c        0x4 ./Application/User/stm32f4xx_it.o
                0x0000000008000b4c                SysTick_Handler
 .text.BSP_LED_Init
                0x0000000008000b50       0x74 ./Drivers/BSP/STM32F429I-Discovery/stm32f429i_discovery.o
                0x0000000008000b50                BSP_LED_Init
 .text.BSP_LED_On
                0x0000000008000bc4       0x1c ./Drivers/BSP/STM32F429I-Discovery/stm32f429i_discovery.o
                0x0000000008000bc4                BSP_LED_On
 .text.BSP_LED_Toggle
                0x0000000008000be0       0x1c ./Drivers/BSP/STM32F429I-Discovery/stm32f429i_discovery.o
                0x0000000008000be0                BSP_LED_Toggle
 .text.SystemInit
                0x0000000008000bfc       0x4c ./Drivers/CMSIS/system_stm32f4xx.o
                0x0000000008000bfc                SystemInit
 .text.HAL_MspInit
                0x0000000008000c48        0x2 ./Drivers/STM32F4xx_HAL_Driver/stm32f4xx_hal.o
                0x0000000008000c48                HAL_MspInit
 *fill*         0x0000000008000c4a        0x2 
 .text.HAL_InitTick
                0x0000000008000c4c       0x44 ./Drivers/STM32F4xx_HAL_Driver/stm32f4xx_hal.o
                0x0000000008000c4c                HAL_InitTick
 .text.HAL_Init
                0x0000000008000c90       0x34 ./Drivers/STM32F4xx_HAL_Driver/stm32f4xx_hal.o
                0x0000000008000c90                HAL_Init
 .text.HAL_IncTick
                0x0000000008000cc4       0x18 ./Drivers/STM32F4xx_HAL_Driver/stm32f4xx_hal.o
                0x0000000008000cc4                HAL_IncTick
 .text.HAL_GetTick
                0x0000000008000cdc        0xc ./Drivers/STM32F4xx_HAL_Driver/stm32f4xx_hal.o
                0x0000000008000cdc                HAL_GetTick
 .text.HAL_Delay
                0x0000000008000ce8       0x28 ./Drivers/STM32F4xx_HAL_Driver/stm32f4xx_hal.o
                0x0000000008000ce8                HAL_Delay
 .text.HAL_NVIC_SetPriorityGrouping
                0x0000000008000d10       0x24 ./Drivers/STM32F4xx_HAL_Driver/stm32f4xx_hal_cortex.o
                0x0000000008000d10                HAL_NVIC_SetPriorityGrouping
 .text.HAL_NVIC_SetPriority
                0x0000000008000d34       0x64 ./Drivers/STM32F4xx_HAL_Driver/stm32f4xx_hal_cortex.o
                0x0000000008000d34                HAL_NVIC_SetPriority
 .text.HAL_SYSTICK_Config
                0x0000000008000d98       0x28 ./Drivers/STM32F4xx_HAL_Driver/stm32f4xx_hal_cortex.o
                0x0000000008000d98                HAL_SYSTICK_Config
 .text.FLASH_Program_DoubleWord
                0x0000000008000dc0       0x2c ./Drivers/STM32F4xx_HAL_Driver/stm32f4xx_hal_flash.o
 .text.FLASH_Program_Word
                0x0000000008000dec       0x24 ./Drivers/STM32F4xx_HAL_Driver/stm32f4xx_hal_flash.o
 .text.FLASH_Program_HalfWord
                0x0000000008000e10       0x24 ./Drivers/STM32F4xx_HAL_Driver/stm32f4xx_hal_flash.o
 .text.FLASH_SetErrorCode
                0x0000000008000e34       0x8c ./Drivers/STM32F4xx_HAL_Driver/stm32f4xx_hal_flash.o
 .text.HAL_FLASH_Unlock
                0x0000000008000ec0       0x24 ./Drivers/STM32F4xx_HAL_Driver/stm32f4xx_hal_flash.o
                0x0000000008000ec0                HAL_FLASH_Unlock
 .text.FLASH_WaitForLastOperation
                0x0000000008000ee4       0x50 ./Drivers/STM32F4xx_HAL_Driver/stm32f4xx_hal_flash.o
                0x0000000008000ee4                FLASH_WaitForLastOperation
 .text.HAL_FLASH_Program
                0x0000000008000f34       0x8c ./Drivers/STM32F4xx_HAL_Driver/stm32f4xx_hal_flash.o
                0x0000000008000f34                HAL_FLASH_Program
 .text.FLASH_MassErase
                0x0000000008000fc0       0x38 ./Drivers/STM32F4xx_HAL_Driver/stm32f4xx_hal_flash_ex.o
 .text.FLASH_Erase_Sector
                0x0000000008000ff8       0x50 ./Drivers/STM32F4xx_HAL_Driver/stm32f4xx_hal_flash_ex.o
                0x0000000008000ff8                FLASH_Erase_Sector
 .text.FLASH_FlushCaches
                0x0000000008001048       0x58 ./Drivers/STM32F4xx_HAL_Driver/stm32f4xx_hal_flash_ex.o
                0x0000000008001048                FLASH_FlushCaches
 .text.HAL_FLASHEx_Erase
                0x00000000080010a0       0xa8 ./Drivers/STM32F4xx_HAL_Driver/stm32f4xx_hal_flash_ex.o
                0x00000000080010a0                HAL_FLASHEx_Erase
 .text.HAL_GPIO_Init
                0x0000000008001148      0x1cc ./Drivers/STM32F4xx_HAL_Driver/stm32f4xx_hal_gpio.o
                0x0000000008001148                HAL_GPIO_Init
 .text.HAL_GPIO_WritePin
                0x0000000008001314        0xa ./Drivers/STM32F4xx_HAL_Driver/stm32f4xx_hal_gpio.o
                0x0000000008001314                HAL_GPIO_WritePin
 .text.HAL_GPIO_TogglePin
                0x000000000800131e       0x12 ./Drivers/STM32F4xx_HAL_Driver/stm32f4xx_hal_gpio.o
                0x000000000800131e                HAL_GPIO_TogglePin
 .text.HAL_PWREx_EnableOverDrive
                0x0000000008001330       0x74 ./Drivers/STM32F4xx_HAL_Driver/stm32f4xx_hal_pwr_ex.o
                0x0000000008001330                HAL_PWREx_EnableOverDrive
 .text.HAL_RCC_OscConfig
                0x00000000080013a4      0x360 ./Drivers/STM32F4xx_HAL_Driver/stm32f4xx_hal_rcc.o
                0x00000000080013a4                HAL_RCC_OscConfig
 .text.HAL_RCC_GetSysClockFreq
                0x0000000008001704       0x5c ./Drivers/STM32F4xx_HAL_Driver/stm32f4xx_hal_rcc.o
                0x0000000008001704                HAL_RCC_GetSysClockFreq
 .text.HAL_RCC_ClockConfig
                0x0000000008001760      0x138 ./Drivers/STM32F4xx_HAL_Driver/stm32f4xx_hal_rcc.o
                0x0000000008001760                HAL_RCC_ClockConfig
 .text.__libc_init_array
                0x0000000008001898       0x48 c:/st/stm32cubeide_1.9.0/stm32cubeide/plugins/com.st.stm32cube.ide.mcu.externaltools.gnu-tools-for-stm32.10.3-2021.10.win32_1.0.0.202111181127/tools/bin/../lib/gcc/arm-none-eabi/10.3.1/../../../../arm-none-eabi/lib/thumb/v7e-m+fp/hard\libc_nano.a(lib_a-init.o)
                0x0000000008001898                __libc_init_array
 *(.glue_7)
 .glue_7        0x00000000080018e0        0x0 linker stubs
 *(.glue_7t)
 .glue_7t       0x00000000080018e0        0x0 linker stubs
 *(.eh_frame)
 .eh_frame      0x00000000080018e0        0x0 c:/st/stm32cubeide_1.9.0/stm32cubeide/plugins/com.st.stm32cube.ide.mcu.externaltools.gnu-tools-for-stm32.10.3-2021.10.win32_1.0.0.202111181127/tools/bin/../lib/gcc/arm-none-eabi/10.3.1/thumb/v7e-m+fp/hard/crtbegin.o
 *(.init)
 .init          0x00000000080018e0        0x4 c:/st/stm32cubeide_1.9.0/stm32cubeide/plugins/com.st.stm32cube.ide.mcu.externaltools.gnu-tools-for-stm32.10.3-2021.10.win32_1.0.0.202111181127/tools/bin/../lib/gcc/arm-none-eabi/10.3.1/thumb/v7e-m+fp/hard/crti.o
                0x00000000080018e0                _init
 .init          0x00000000080018e4        0x8 c:/st/stm32cubeide_1.9.0/stm32cubeide/plugins/com.st.stm32cube.ide.mcu.externaltools.gnu-tools-for-stm32.10.3-2021.10.win32_1.0.0.202111181127/tools/bin/../lib/gcc/arm-none-eabi/10.3.1/thumb/v7e-m+fp/hard/crtn.o
 *(.fini)
 .fini          0x00000000080018ec        0x4 c:/st/stm32cubeide_1.9.0/stm32cubeide/plugins/com.st.stm32cube.ide.mcu.externaltools.gnu-tools-for-stm32.10.3-2021.10.win32_1.0.0.202111181127/tools/bin/../lib/gcc/arm-none-eabi/10.3.1/thumb/v7e-m+fp/hard/crti.o
                0x00000000080018ec                _fini
 .fini          0x00000000080018f0        0x8 c:/st/stm32cubeide_1.9.0/stm32cubeide/plugins/com.st.stm32cube.ide.mcu.externaltools.gnu-tools-for-stm32.10.3-2021.10.win32_1.0.0.202111181127/tools/bin/../lib/gcc/arm-none-eabi/10.3.1/thumb/v7e-m+fp/hard/crtn.o
                0x00000000080018f8                . = ALIGN (0x4)
                0x00000000080018f8                _etext = .

.vfp11_veneer   0x00000000080018f8        0x0
 .vfp11_veneer  0x00000000080018f8        0x0 linker stubs

.v4_bx          0x00000000080018f8        0x0
 .v4_bx         0x00000000080018f8        0x0 linker stubs

.iplt           0x00000000080018f8        0x0
 .iplt          0x00000000080018f8        0x0 c:/st/stm32cubeide_1.9.0/stm32cubeide/plugins/com.st.stm32cube.ide.mcu.externaltools.gnu-tools-for-stm32.10.3-2021.10.win32_1.0.0.202111181127/tools/bin/../lib/gcc/arm-none-eabi/10.3.1/thumb/v7e-m+fp/hard/crtbegin.o

.rodata         0x00000000080018f8       0x20
                0x00000000080018f8                . = ALIGN (0x4)
 *(.rodata)
 .rodata        0x00000000080018f8        0x8 ./Drivers/BSP/STM32F429I-Discovery/stm32f429i_discovery.o
                0x00000000080018f8                GPIO_PIN
                0x00000000080018fc                BUTTON_IRQn
                0x00000000080018fe                BUTTON_PIN
 .rodata        0x0000000008001900       0x18 ./Drivers/CMSIS/system_stm32f4xx.o
                0x0000000008001900                AHBPrescTable
                0x0000000008001910                APBPrescTable
 *(.rodata*)
                0x0000000008001918                . = ALIGN (0x4)

.ARM.extab
 *(.ARM.extab* .gnu.linkonce.armextab.*)

.ARM            0x0000000008001918        0x8
                0x0000000008001918                __exidx_start = .
 *(.ARM.exidx*)
 .ARM.exidx     0x0000000008001918        0x8 c:/st/stm32cubeide_1.9.0/stm32cubeide/plugins/com.st.stm32cube.ide.mcu.externaltools.gnu-tools-for-stm32.10.3-2021.10.win32_1.0.0.202111181127/tools/bin/../lib/gcc/arm-none-eabi/10.3.1/thumb/v7e-m+fp/hard\libgcc.a(_udivmoddi4.o)
                0x0000000008001920                __exidx_end = .

.rel.dyn        0x0000000008001920        0x0
 .rel.iplt      0x0000000008001920        0x0 c:/st/stm32cubeide_1.9.0/stm32cubeide/plugins/com.st.stm32cube.ide.mcu.externaltools.gnu-tools-for-stm32.10.3-2021.10.win32_1.0.0.202111181127/tools/bin/../lib/gcc/arm-none-eabi/10.3.1/thumb/v7e-m+fp/hard/crtbegin.o

.preinit_array  0x0000000008001920        0x0
                0x0000000008001920                PROVIDE (__preinit_array_start = .)
 *(.preinit_array*)
                0x0000000008001920                PROVIDE (__preinit_array_end = .)

.init_array     0x0000000008001920        0x4
                0x0000000008001920                PROVIDE (__init_array_start = .)
 *(SORT_BY_NAME(.init_array.*))
 *(.init_array*)
 .init_array    0x0000000008001920        0x4 c:/st/stm32cubeide_1.9.0/stm32cubeide/plugins/com.st.stm32cube.ide.mcu.externaltools.gnu-tools-for-stm32.10.3-2021.10.win32_1.0.0.202111181127/tools/bin/../lib/gcc/arm-none-eabi/10.3.1/thumb/v7e-m+fp/hard/crtbegin.o
                0x0000000008001924                PROVIDE (__init_array_end = .)

.fini_array     0x0000000008001924        0x4
                [!provide]                        PROVIDE (__fini_array_start = .)
 *(SORT_BY_NAME(.fini_array.*))
 *(.fini_array*)
 .fini_array    0x0000000008001924        0x4 c:/st/stm32cubeide_1.9.0/stm32cubeide/plugins/com.st.stm32cube.ide.mcu.externaltools.gnu-tools-for-stm32.10.3-2021.10.win32_1.0.0.202111181127/tools/bin/../lib/gcc/arm-none-eabi/10.3.1/thumb/v7e-m+fp/hard/crtbegin.o
                [!provide]                        PROVIDE (__fini_array_end = .)
                0x0000000008001928                _sidata = LOADADDR (.data)

.data           0x0000000020000000       0x28 load address 0x0000000008001928
                0x0000000020000000                . = ALIGN (0x4)
                0x0000000020000000                _sdata = .
 *(.data)
 .data          0x0000000020000000        0x6 ./Application/User/main.o
                0x0000000020000000                VirtAddVarTab
 *fill*         0x0000000020000006        0x2 
 .data          0x0000000020000008       0x14 ./Drivers/BSP/STM32F429I-Discovery/stm32f429i_discovery.o
                0x0000000020000008                SpixTimeout
                0x000000002000000c                GPIO_PORT
                0x0000000020000014                BUTTON_PORT
                0x0000000020000018                I2cxTimeout
 .data          0x000000002000001c        0x4 ./Drivers/CMSIS/system_stm32f4xx.o
                0x000000002000001c                SystemCoreClock
 .data          0x0000000020000020        0x8 ./Drivers/STM32F4xx_HAL_Driver/stm32f4xx_hal.o
                0x0000000020000020                uwTickFreq
                0x0000000020000024                uwTickPrio
 *(.data*)
                0x0000000020000028                . = ALIGN (0x4)
                0x0000000020000028                _edata = .
                0x0000000008001950                _siccmram = LOADADDR (.ccmram)

.igot.plt       0x0000000020000028        0x0 load address 0x0000000008001950
 .igot.plt      0x0000000020000028        0x0 c:/st/stm32cubeide_1.9.0/stm32cubeide/plugins/com.st.stm32cube.ide.mcu.externaltools.gnu-tools-for-stm32.10.3-2021.10.win32_1.0.0.202111181127/tools/bin/../lib/gcc/arm-none-eabi/10.3.1/thumb/v7e-m+fp/hard/crtbegin.o

.ccmram         0x0000000010000000        0x0 load address 0x0000000008001950
                0x0000000010000000                . = ALIGN (0x4)
                0x0000000010000000                _sccmram = .
 *(.ccmram)
 *(.ccmram*)
                0x0000000010000000                . = ALIGN (0x4)
                0x0000000010000000                _eccmram = .
                0x0000000010000000                . = ALIGN (0x4)

.bss            0x0000000020000028       0x4c
                0x0000000020000028                _sbss = .
                0x0000000020000028                __bss_start__ = _sbss
 *(.bss)
 .bss           0x0000000020000028       0x1c c:/st/stm32cubeide_1.9.0/stm32cubeide/plugins/com.st.stm32cube.ide.mcu.externaltools.gnu-tools-for-stm32.10.3-2021.10.win32_1.0.0.202111181127/tools/bin/../lib/gcc/arm-none-eabi/10.3.1/thumb/v7e-m+fp/hard/crtbegin.o
 .bss           0x0000000020000044        0x2 ./Application/User/eeprom.o
                0x0000000020000044                DataVar
 .bss           0x0000000020000046        0xa ./Application/User/main.o
                0x0000000020000046                VarValue
                0x0000000020000048                VarDataTab
                0x000000002000004e                VarDataTmp
 .bss           0x0000000020000050        0x4 ./Drivers/STM32F4xx_HAL_Driver/stm32f4xx_hal.o
                0x0000000020000050                uwTick
 .bss           0x0000000020000054       0x20 ./Drivers/STM32F4xx_HAL_Driver/stm32f4xx_hal_flash.o
                0x0000000020000054                pFlash
 *(.bss*)
 *(COMMON)
                0x0000000020000074                . = ALIGN (0x4)
                0x0000000020000074                _ebss = .
                0x0000000020000074                __bss_end__ = _ebss

._user_heap_stack
                0x0000000020000074      0x604
                0x0000000020000078                . = ALIGN (0x8)
 *fill*         0x0000000020000074        0x4 
                [!provide]                        PROVIDE (end = .)
                [!provide]                        PROVIDE (_end = .)
                0x0000000020000278                . = (. + _Min_Heap_Size)
 *fill*         0x0000000020000078      0x200 
                0x0000000020000678                . = (. + _Min_Stack_Size)
 *fill*         0x0000000020000278      0x400 
                0x0000000020000678                . = ALIGN (0x8)

/DISCARD/
 libc.a(*)
 libm.a(*)
 libgcc.a(*)

.ARM.attributes
                0x0000000000000000       0x30
 *(.ARM.attributes)
 .ARM.attributes
                0x0000000000000000       0x1e c:/st/stm32cubeide_1.9.0/stm32cubeide/plugins/com.st.stm32cube.ide.mcu.externaltools.gnu-tools-for-stm32.10.3-2021.10.win32_1.0.0.202111181127/tools/bin/../lib/gcc/arm-none-eabi/10.3.1/thumb/v7e-m+fp/hard/crti.o
 .ARM.attributes
                0x000000000000001e       0x34 c:/st/stm32cubeide_1.9.0/stm32cubeide/plugins/com.st.stm32cube.ide.mcu.externaltools.gnu-tools-for-stm32.10.3-2021.10.win32_1.0.0.202111181127/tools/bin/../lib/gcc/arm-none-eabi/10.3.1/thumb/v7e-m+fp/hard/crtbegin.o
 .ARM.attributes
                0x0000000000000052       0x21 ./Application/SW4STM32/startup_stm32f429xx.o
 .ARM.attributes
                0x0000000000000073       0x34 ./Application/User/eeprom.o
 .ARM.attributes
                0x00000000000000a7       0x34 ./Application/User/main.o
 .ARM.attributes
                0x00000000000000db       0x34 ./Application/User/stm32f4xx_it.o
 .ARM.attributes
                0x000000000000010f       0x34 ./Drivers/BSP/STM32F429I-Discovery/stm32f429i_discovery.o
 .ARM.attributes
                0x0000000000000143       0x34 ./Drivers/CMSIS/system_stm32f4xx.o
 .ARM.attributes
                0x0000000000000177       0x34 ./Drivers/STM32F4xx_HAL_Driver/stm32f4xx_hal.o
 .ARM.attributes
                0x00000000000001ab       0x34 ./Drivers/STM32F4xx_HAL_Driver/stm32f4xx_hal_cortex.o
 .ARM.attributes
                0x00000000000001df       0x34 ./Drivers/STM32F4xx_HAL_Driver/stm32f4xx_hal_flash.o
 .ARM.attributes
                0x0000000000000213       0x34 ./Drivers/STM32F4xx_HAL_Driver/stm32f4xx_hal_flash_ex.o
 .ARM.attributes
                0x0000000000000247       0x34 ./Drivers/STM32F4xx_HAL_Driver/stm32f4xx_hal_gpio.o
 .ARM.attributes
                0x000000000000027b       0x34 ./Drivers/STM32F4xx_HAL_Driver/stm32f4xx_hal_pwr_ex.o
 .ARM.attributes
                0x00000000000002af       0x34 ./Drivers/STM32F4xx_HAL_Driver/stm32f4xx_hal_rcc.o
 .ARM.attributes
                0x00000000000002e3       0x34 c:/st/stm32cubeide_1.9.0/stm32cubeide/plugins/com.st.stm32cube.ide.mcu.externaltools.gnu-tools-for-stm32.10.3-2021.10.win32_1.0.0.202111181127/tools/bin/../lib/gcc/arm-none-eabi/10.3.1/../../../../arm-none-eabi/lib/thumb/v7e-m+fp/hard\libc_nano.a(lib_a-init.o)
 .ARM.attributes
                0x0000000000000317       0x1e c:/st/stm32cubeide_1.9.0/stm32cubeide/plugins/com.st.stm32cube.ide.mcu.externaltools.gnu-tools-for-stm32.10.3-2021.10.win32_1.0.0.202111181127/tools/bin/../lib/gcc/arm-none-eabi/10.3.1/thumb/v7e-m+fp/hard\libgcc.a(_aeabi_uldivmod.o)
 .ARM.attributes
                0x0000000000000335       0x34 c:/st/stm32cubeide_1.9.0/stm32cubeide/plugins/com.st.stm32cube.ide.mcu.externaltools.gnu-tools-for-stm32.10.3-2021.10.win32_1.0.0.202111181127/tools/bin/../lib/gcc/arm-none-eabi/10.3.1/thumb/v7e-m+fp/hard\libgcc.a(_udivmoddi4.o)
 .ARM.attributes
                0x0000000000000369       0x1e c:/st/stm32cubeide_1.9.0/stm32cubeide/plugins/com.st.stm32cube.ide.mcu.externaltools.gnu-tools-for-stm32.10.3-2021.10.win32_1.0.0.202111181127/tools/bin/../lib/gcc/arm-none-eabi/10.3.1/thumb/v7e-m+fp/hard\libgcc.a(_dvmd_tls.o)
 .ARM.attributes
                0x0000000000000387       0x1e c:/st/stm32cubeide_1.9.0/stm32cubeide/plugins/com.st.stm32cube.ide.mcu.externaltools.gnu-tools-for-stm32.10.3-2021.10.win32_1.0.0.202111181127/tools/bin/../lib/gcc/arm-none-eabi/10.3.1/thumb/v7e-m+fp/hard/crtn.o
OUTPUT(STM32F429I-Discovery.elf elf32-littlearm)
LOAD linker stubs
LOAD c:/st/stm32cubeide_1.9.0/stm32cubeide/plugins/com.st.stm32cube.ide.mcu.externaltools.gnu-tools-for-stm32.10.3-2021.10.win32_1.0.0.202111181127/tools/bin/../lib/gcc/arm-none-eabi/10.3.1/../../../../arm-none-eabi/lib/thumb/v7e-m+fp/hard\libc.a
LOAD c:/st/stm32cubeide_1.9.0/stm32cubeide/plugins/com.st.stm32cube.ide.mcu.externaltools.gnu-tools-for-stm32.10.3-2021.10.win32_1.0.0.202111181127/tools/bin/../lib/gcc/arm-none-eabi/10.3.1/../../../../arm-none-eabi/lib/thumb/v7e-m+fp/hard\libm.a
LOAD c:/st/stm32cubeide_1.9.0/stm32cubeide/plugins/com.st.stm32cube.ide.mcu.externaltools.gnu-tools-for-stm32.10.3-2021.10.win32_1.0.0.202111181127/tools/bin/../lib/gcc/arm-none-eabi/10.3.1/thumb/v7e-m+fp/hard\libgcc.a

.debug_line     0x0000000000000000     0x8d2f
 .debug_line    0x0000000000000000       0xb2 ./Application/SW4STM32/startup_stm32f429xx.o
 .debug_line    0x00000000000000b2      0xcf6 ./Application/User/eeprom.o
 .debug_line    0x0000000000000da8      0x9df ./Application/User/main.o
 .debug_line    0x0000000000001787      0x7e4 ./Application/User/stm32f4xx_it.o
 .debug_line    0x0000000000001f6b      0xf46 ./Drivers/BSP/STM32F429I-Discovery/stm32f429i_discovery.o
 .debug_line    0x0000000000002eb1      0x572 ./Drivers/CMSIS/system_stm32f4xx.o
 .debug_line    0x0000000000003423      0xa92 ./Drivers/STM32F4xx_HAL_Driver/stm32f4xx_hal.o
 .debug_line    0x0000000000003eb5      0xcc3 ./Drivers/STM32F4xx_HAL_Driver/stm32f4xx_hal_cortex.o
 .debug_line    0x0000000000004b78      0xc5e ./Drivers/STM32F4xx_HAL_Driver/stm32f4xx_hal_flash.o
 .debug_line    0x00000000000057d6      0xebb ./Drivers/STM32F4xx_HAL_Driver/stm32f4xx_hal_flash_ex.o
 .debug_line    0x0000000000006691      0xc7b ./Drivers/STM32F4xx_HAL_Driver/stm32f4xx_hal_gpio.o
 .debug_line    0x000000000000730c      0xa4c ./Drivers/STM32F4xx_HAL_Driver/stm32f4xx_hal_pwr_ex.o
 .debug_line    0x0000000000007d58      0xfd7 ./Drivers/STM32F4xx_HAL_Driver/stm32f4xx_hal_rcc.o

.debug_info     0x0000000000000000     0x8816
 .debug_info    0x0000000000000000       0x22 ./Application/SW4STM32/startup_stm32f429xx.o
 .debug_info    0x0000000000000022      0x98a ./Application/User/eeprom.o
 .debug_info    0x00000000000009ac      0x874 ./Application/User/main.o
 .debug_info    0x0000000000001220      0x117 ./Application/User/stm32f4xx_it.o
 .debug_info    0x0000000000001337     0x2504 ./Drivers/BSP/STM32F429I-Discovery/stm32f429i_discovery.o
 .debug_info    0x000000000000383b      0x551 ./Drivers/CMSIS/system_stm32f4xx.o
 .debug_info    0x0000000000003d8c      0xac8 ./Drivers/STM32F4xx_HAL_Driver/stm32f4xx_hal.o
 .debug_info    0x0000000000004854     0x10c2 ./Drivers/STM32F4xx_HAL_Driver/stm32f4xx_hal_cortex.o
 .debug_info    0x0000000000005916      0x77d ./Drivers/STM32F4xx_HAL_Driver/stm32f4xx_hal_flash.o
 .debug_info    0x0000000000006093      0xc61 ./Drivers/STM32F4xx_HAL_Driver/stm32f4xx_hal_flash_ex.o
 .debug_info    0x0000000000006cf4      0x7cc ./Drivers/STM32F4xx_HAL_Driver/stm32f4xx_hal_gpio.o
 .debug_info    0x00000000000074c0      0x7a7 ./Drivers/STM32F4xx_HAL_Driver/stm32f4xx_hal_pwr_ex.o
 .debug_info    0x0000000000007c67      0xbaf ./Drivers/STM32F4xx_HAL_Driver/stm32f4xx_hal_rcc.o

.debug_abbrev   0x0000000000000000     0x1e69
 .debug_abbrev  0x0000000000000000       0x12 ./Application/SW4STM32/startup_stm32f429xx.o
 .debug_abbrev  0x0000000000000012      0x264 ./Application/User/eeprom.o
 .debug_abbrev  0x0000000000000276      0x263 ./Application/User/main.o
 .debug_abbrev  0x00000000000004d9       0xb8 ./Application/User/stm32f4xx_it.o
 .debug_abbrev  0x0000000000000591      0x47f ./Drivers/BSP/STM32F429I-Discovery/stm32f429i_discovery.o
 .debug_abbrev  0x0000000000000a10      0x11c ./Drivers/CMSIS/system_stm32f4xx.o
 .debug_abbrev  0x0000000000000b2c      0x289 ./Drivers/STM32F4xx_HAL_Driver/stm32f4xx_hal.o
 .debug_abbrev  0x0000000000000db5      0x372 ./Drivers/STM32F4xx_HAL_Driver/stm32f4xx_hal_cortex.o
 .debug_abbrev  0x0000000000001127      0x320 ./Drivers/STM32F4xx_HAL_Driver/stm32f4xx_hal_flash.o
 .debug_abbrev  0x0000000000001447      0x311 ./Drivers/STM32F4xx_HAL_Driver/stm32f4xx_hal_flash_ex.o
 .debug_abbrev  0x0000000000001758      0x1f0 ./Drivers/STM32F4xx_HAL_Driver/stm32f4xx_hal_gpio.o
 .debug_abbrev  0x0000000000001948      0x1dd ./Drivers/STM32F4xx_HAL_Driver/stm32f4xx_hal_pwr_ex.o
 .debug_abbrev  0x0000000000001b25      0x344 ./Drivers/STM32F4xx_HAL_Driver/stm32f4xx_hal_rcc.o

.debug_aranges  0x0000000000000000      0x5d8
 .debug_aranges
                0x0000000000000000       0x28 ./Application/SW4STM32/startup_stm32f429xx.o
 .debug_aranges
                0x0000000000000028       0x48 ./Application/User/eeprom.o
 .debug_aranges
                0x0000000000000070       0x28 ./Application/User/main.o
 .debug_aranges
                0x0000000000000098       0x48 ./Application/User/stm32f4xx_it.o
 .debug_aranges
                0x00000000000000e0       0xe8 ./Drivers/BSP/STM32F429I-Discovery/stm32f429i_discovery.o
 .debug_aranges
                0x00000000000001c8       0x28 ./Drivers/CMSIS/system_stm32f4xx.o
 .debug_aranges
                0x00000000000001f0       0xf8 ./Drivers/STM32F4xx_HAL_Driver/stm32f4xx_hal.o
 .debug_aranges
                0x00000000000002e8       0xa8 ./Drivers/STM32F4xx_HAL_Driver/stm32f4xx_hal_cortex.o
 .debug_aranges
                0x0000000000000390       0x90 ./Drivers/STM32F4xx_HAL_Driver/stm32f4xx_hal_flash.o
 .debug_aranges
                0x0000000000000420       0x78 ./Drivers/STM32F4xx_HAL_Driver/stm32f4xx_hal_flash_ex.o
 .debug_aranges
                0x0000000000000498       0x58 ./Drivers/STM32F4xx_HAL_Driver/stm32f4xx_hal_gpio.o
 .debug_aranges
                0x00000000000004f0       0x60 ./Drivers/STM32F4xx_HAL_Driver/stm32f4xx_hal_pwr_ex.o
 .debug_aranges
                0x0000000000000550       0x88 ./Drivers/STM32F4xx_HAL_Driver/stm32f4xx_hal_rcc.o

.debug_str      0x0000000000000000    0xcf821
 .debug_str     0x0000000000000000       0xbd ./Application/SW4STM32/startup_stm32f429xx.o
 .debug_str     0x00000000000000bd    0xcbb39 ./Application/User/eeprom.o
                                      0xcbe77 (size before relaxing)
 .debug_str     0x00000000000cbbf6     0x12f6 ./Application/User/main.o
                                      0xccf80 (size before relaxing)
 .debug_str     0x00000000000cceec       0xf7 ./Application/User/stm32f4xx_it.o
                                      0xccc77 (size before relaxing)
 .debug_str     0x00000000000ccfe3     0x11d6 ./Drivers/BSP/STM32F429I-Discovery/stm32f429i_discovery.o
                                      0xcdcb6 (size before relaxing)
 .debug_str     0x00000000000ce1b9      0x15b ./Drivers/CMSIS/system_stm32f4xx.o
                                      0x93536 (size before relaxing)
 .debug_str     0x00000000000ce314      0x687 ./Drivers/STM32F4xx_HAL_Driver/stm32f4xx_hal.o
                                      0xcc6d1 (size before relaxing)
 .debug_str     0x00000000000ce99b      0x374 ./Drivers/STM32F4xx_HAL_Driver/stm32f4xx_hal_cortex.o
                                      0xcc3b6 (size before relaxing)
 .debug_str     0x00000000000ced0f      0x2ce ./Drivers/STM32F4xx_HAL_Driver/stm32f4xx_hal_flash.o
                                      0xcbc8b (size before relaxing)
 .debug_str     0x00000000000cefdd      0x330 ./Drivers/STM32F4xx_HAL_Driver/stm32f4xx_hal_flash_ex.o
                                      0xcbe12 (size before relaxing)
 .debug_str     0x00000000000cf30d      0x140 ./Drivers/STM32F4xx_HAL_Driver/stm32f4xx_hal_gpio.o
                                      0xcbc29 (size before relaxing)
 .debug_str     0x00000000000cf44d      0x168 ./Drivers/STM32F4xx_HAL_Driver/stm32f4xx_hal_pwr_ex.o
                                      0xcbc86 (size before relaxing)
 .debug_str     0x00000000000cf5b5      0x26c ./Drivers/STM32F4xx_HAL_Driver/stm32f4xx_hal_rcc.o
                                      0xcbef3 (size before relaxing)

.debug_ranges   0x0000000000000000      0xa48
 .debug_ranges  0x0000000000000000       0x20 ./Application/SW4STM32/startup_stm32f429xx.o
 .debug_ranges  0x0000000000000020       0xb0 ./Application/User/eeprom.o
 .debug_ranges  0x00000000000000d0       0x18 ./Application/User/main.o
 .debug_ranges  0x00000000000000e8       0x38 ./Application/User/stm32f4xx_it.o
 .debug_ranges  0x0000000000000120      0x2f0 ./Drivers/BSP/STM32F429I-Discovery/stm32f429i_discovery.o
 .debug_ranges  0x0000000000000410       0x18 ./Drivers/CMSIS/system_stm32f4xx.o
 .debug_ranges  0x0000000000000428       0xe8 ./Drivers/STM32F4xx_HAL_Driver/stm32f4xx_hal.o
 .debug_ranges  0x0000000000000510      0x150 ./Drivers/STM32F4xx_HAL_Driver/stm32f4xx_hal_cortex.o
 .debug_ranges  0x0000000000000660       0xb0 ./Drivers/STM32F4xx_HAL_Driver/stm32f4xx_hal_flash.o
 .debug_ranges  0x0000000000000710      0x140 ./Drivers/STM32F4xx_HAL_Driver/stm32f4xx_hal_flash_ex.o
 .debug_ranges  0x0000000000000850       0x68 ./Drivers/STM32F4xx_HAL_Driver/stm32f4xx_hal_gpio.o
 .debug_ranges  0x00000000000008b8       0xe0 ./Drivers/STM32F4xx_HAL_Driver/stm32f4xx_hal_pwr_ex.o
 .debug_ranges  0x0000000000000998       0xb0 ./Drivers/STM32F4xx_HAL_Driver/stm32f4xx_hal_rcc.o

.debug_loc      0x0000000000000000     0x3347
 .debug_loc     0x0000000000000000      0xc31 ./Application/User/eeprom.o
 .debug_loc     0x0000000000000c31       0x30 ./Application/User/main.o
 .debug_loc     0x0000000000000c61      0x90f ./Drivers/BSP/STM32F429I-Discovery/stm32f429i_discovery.o
 .debug_loc     0x0000000000001570      0x118 ./Drivers/CMSIS/system_stm32f4xx.o
 .debug_loc     0x0000000000001688      0x139 ./Drivers/STM32F4xx_HAL_Driver/stm32f4xx_hal.o
 .debug_loc     0x00000000000017c1      0x5d3 ./Drivers/STM32F4xx_HAL_Driver/stm32f4xx_hal_cortex.o
 .debug_loc     0x0000000000001d94      0x323 ./Drivers/STM32F4xx_HAL_Driver/stm32f4xx_hal_flash.o
 .debug_loc     0x00000000000020b7      0x767 ./Drivers/STM32F4xx_HAL_Driver/stm32f4xx_hal_flash_ex.o
 .debug_loc     0x000000000000281e      0x422 ./Drivers/STM32F4xx_HAL_Driver/stm32f4xx_hal_gpio.o
 .debug_loc     0x0000000000002c40      0x258 ./Drivers/STM32F4xx_HAL_Driver/stm32f4xx_hal_pwr_ex.o
 .debug_loc     0x0000000000002e98      0x4af ./Drivers/STM32F4xx_HAL_Driver/stm32f4xx_hal_rcc.o

.debug_macro    0x0000000000000000    0x22434
 .debug_macro   0x0000000000000000      0x1d3 ./Application/User/eeprom.o
 .debug_macro   0x00000000000001d3      0xa78 ./Application/User/eeprom.o
 .debug_macro   0x0000000000000c4b      0x1a5 ./Application/User/eeprom.o
 .debug_macro   0x0000000000000df0       0x2e ./Application/User/eeprom.o
 .debug_macro   0x0000000000000e1e       0x28 ./Application/User/eeprom.o
 .debug_macro   0x0000000000000e46       0x22 ./Application/User/eeprom.o
 .debug_macro   0x0000000000000e68       0x8e ./Application/User/eeprom.o
 .debug_macro   0x0000000000000ef6       0x51 ./Application/User/eeprom.o
 .debug_macro   0x0000000000000f47      0x103 ./Application/User/eeprom.o
 .debug_macro   0x000000000000104a       0x6a ./Application/User/eeprom.o
 .debug_macro   0x00000000000010b4      0x1df ./Application/User/eeprom.o
 .debug_macro   0x0000000000001293       0x1c ./Application/User/eeprom.o
 .debug_macro   0x00000000000012af       0x22 ./Application/User/eeprom.o
 .debug_macro   0x00000000000012d1       0xd9 ./Application/User/eeprom.o
 .debug_macro   0x00000000000013aa     0x102d ./Application/User/eeprom.o
 .debug_macro   0x00000000000023d7      0x11f ./Application/User/eeprom.o
 .debug_macro   0x00000000000024f6    0x17fc0 ./Application/User/eeprom.o
 .debug_macro   0x000000000001a4b6       0x6d ./Application/User/eeprom.o
 .debug_macro   0x000000000001a523     0x36f5 ./Application/User/eeprom.o
 .debug_macro   0x000000000001dc18      0x174 ./Application/User/eeprom.o
 .debug_macro   0x000000000001dd8c       0x5c ./Application/User/eeprom.o
 .debug_macro   0x000000000001dde8      0xca5 ./Application/User/eeprom.o
 .debug_macro   0x000000000001ea8d      0x9fe ./Application/User/eeprom.o
 .debug_macro   0x000000000001f48b      0x115 ./Application/User/eeprom.o
 .debug_macro   0x000000000001f5a0      0x156 ./Application/User/eeprom.o
 .debug_macro   0x000000000001f6f6       0xa5 ./Application/User/eeprom.o
 .debug_macro   0x000000000001f79b      0x287 ./Application/User/eeprom.o
 .debug_macro   0x000000000001fa22       0x5f ./Application/User/eeprom.o
 .debug_macro   0x000000000001fa81      0x236 ./Application/User/eeprom.o
 .debug_macro   0x000000000001fcb7      0x132 ./Application/User/eeprom.o
 .debug_macro   0x000000000001fde9      0x41d ./Application/User/eeprom.o
 .debug_macro   0x0000000000020206       0x2e ./Application/User/eeprom.o
 .debug_macro   0x0000000000020234      0x1b5 ./Application/User/eeprom.o
 .debug_macro   0x00000000000203e9       0x22 ./Application/User/eeprom.o
 .debug_macro   0x000000000002040b       0xd6 ./Application/User/eeprom.o
 .debug_macro   0x00000000000204e1      0x11a ./Application/User/eeprom.o
 .debug_macro   0x00000000000205fb       0xe2 ./Application/User/eeprom.o
 .debug_macro   0x00000000000206dd       0x89 ./Application/User/eeprom.o
 .debug_macro   0x0000000000020766      0x225 ./Application/User/eeprom.o
 .debug_macro   0x000000000002098b      0x134 ./Application/User/eeprom.o
 .debug_macro   0x0000000000020abf       0x8e ./Application/User/eeprom.o
 .debug_macro   0x0000000000020b4d      0x1e0 ./Application/User/main.o
 .debug_macro   0x0000000000020d2d      0x258 ./Application/User/main.o
 .debug_macro   0x0000000000020f85       0x94 ./Application/User/main.o
 .debug_macro   0x0000000000021019      0x1ee ./Application/User/stm32f4xx_it.o
 .debug_macro   0x0000000000021207      0x1f1 ./Drivers/BSP/STM32F429I-Discovery/stm32f429i_discovery.o
 .debug_macro   0x00000000000213f8      0x252 ./Drivers/BSP/STM32F429I-Discovery/stm32f429i_discovery.o
 .debug_macro   0x000000000002164a       0xe0 ./Drivers/CMSIS/system_stm32f4xx.o
 .debug_macro   0x000000000002172a      0x224 ./Drivers/STM32F4xx_HAL_Driver/stm32f4xx_hal.o
 .debug_macro   0x000000000002194e      0x1c4 ./Drivers/STM32F4xx_HAL_Driver/stm32f4xx_hal_cortex.o
 .debug_macro   0x0000000000021b12      0x1ca ./Drivers/STM32F4xx_HAL_Driver/stm32f4xx_hal_flash.o
 .debug_macro   0x0000000000021cdc      0x1ca ./Drivers/STM32F4xx_HAL_Driver/stm32f4xx_hal_flash_ex.o
 .debug_macro   0x0000000000021ea6      0x1ca ./Drivers/STM32F4xx_HAL_Driver/stm32f4xx_hal_gpio.o
 .debug_macro   0x0000000000022070      0x1dc ./Drivers/STM32F4xx_HAL_Driver/stm32f4xx_hal_pwr_ex.o
 .debug_macro   0x000000000002224c      0x1e8 ./Drivers/STM32F4xx_HAL_Driver/stm32f4xx_hal_rcc.o

.comment        0x0000000000000000       0x50
 .comment       0x0000000000000000       0x50 ./Application/User/eeprom.o
                                         0x51 (size before relaxing)
 .comment       0x0000000000000050       0x51 ./Application/User/main.o
 .comment       0x0000000000000050       0x51 ./Application/User/stm32f4xx_it.o
 .comment       0x0000000000000050       0x51 ./Drivers/BSP/STM32F429I-Discovery/stm32f429i_discovery.o
 .comment       0x0000000000000050       0x51 ./Drivers/CMSIS/system_stm32f4xx.o
 .comment       0x0000000000000050       0x51 ./Drivers/STM32F4xx_HAL_Driver/stm32f4xx_hal.o
 .comment       0x0000000000000050       0x51 ./Drivers/STM32F4xx_HAL_Driver/stm32f4xx_hal_cortex.o
 .comment       0x0000000000000050       0x51 ./Drivers/STM32F4xx_HAL_Driver/stm32f4xx_hal_flash.o
 .comment       0x0000000000000050       0x51 ./Drivers/STM32F4xx_HAL_Driver/stm32f4xx_hal_flash_ex.o
 .comment       0x0000000000000050       0x51 ./Drivers/STM32F4xx_HAL_Driver/stm32f4xx_hal_gpio.o
 .comment       0x0000000000000050       0x51 ./Drivers/STM32F4xx_HAL_Driver/stm32f4xx_hal_pwr_ex.o
 .comment       0x0000000000000050       0x51 ./Drivers/STM32F4xx_HAL_Driver/stm32f4xx_hal_rcc.o

.debug_frame    0x0000000000000000      0xe50
 .debug_frame   0x0000000000000000       0xc8 ./Application/User/eeprom.o
 .debug_frame   0x00000000000000c8       0x44 ./Application/User/main.o
 .debug_frame   0x000000000000010c       0xa0 ./Application/User/stm32f4xx_it.o
 .debug_frame   0x00000000000001ac      0x310 ./Drivers/BSP/STM32F429I-Discovery/stm32f429i_discovery.o
 .debug_frame   0x00000000000004bc       0x30 ./Drivers/CMSIS/system_stm32f4xx.o
 .debug_frame   0x00000000000004ec      0x214 ./Drivers/STM32F4xx_HAL_Driver/stm32f4xx_hal.o
 .debug_frame   0x0000000000000700      0x158 ./Drivers/STM32F4xx_HAL_Driver/stm32f4xx_hal_cortex.o
 .debug_frame   0x0000000000000858      0x154 ./Drivers/STM32F4xx_HAL_Driver/stm32f4xx_hal_flash.o
 .debug_frame   0x00000000000009ac      0x10c ./Drivers/STM32F4xx_HAL_Driver/stm32f4xx_hal_flash_ex.o
 .debug_frame   0x0000000000000ab8       0xd4 ./Drivers/STM32F4xx_HAL_Driver/stm32f4xx_hal_gpio.o
 .debug_frame   0x0000000000000b8c       0xfc ./Drivers/STM32F4xx_HAL_Driver/stm32f4xx_hal_pwr_ex.o
 .debug_frame   0x0000000000000c88      0x13c ./Drivers/STM32F4xx_HAL_Driver/stm32f4xx_hal_rcc.o
 .debug_frame   0x0000000000000dc4       0x2c c:/st/stm32cubeide_1.9.0/stm32cubeide/plugins/com.st.stm32cube.ide.mcu.externaltools.gnu-tools-for-stm32.10.3-2021.10.win32_1.0.0.202111181127/tools/bin/../lib/gcc/arm-none-eabi/10.3.1/../../../../arm-none-eabi/lib/thumb/v7e-m+fp/hard\libc_nano.a(lib_a-init.o)
 .debug_frame   0x0000000000000df0       0x2c c:/st/stm32cubeide_1.9.0/stm32cubeide/plugins/com.st.stm32cube.ide.mcu.externaltools.gnu-tools-for-stm32.10.3-2021.10.win32_1.0.0.202111181127/tools/bin/../lib/gcc/arm-none-eabi/10.3.1/thumb/v7e-m+fp/hard\libgcc.a(_aeabi_uldivmod.o)
 .debug_frame   0x0000000000000e1c       0x34 c:/st/stm32cubeide_1.9.0/stm32cubeide/plugins/com.st.stm32cube.ide.mcu.externaltools.gnu-tools-for-stm32.10.3-2021.10.win32_1.0.0.202111181127/tools/bin/../lib/gcc/arm-none-eabi/10.3.1/thumb/v7e-m+fp/hard\libgcc.a(_udivmoddi4.o)
